 
****************************************
Report : timing
        -path full
        -delay max
        -max_paths 20
Design : s15850
Version: L-2016.03-SP5-1
Date   : Fri Mar  1 16:10:52 2019
****************************************

 * Some/all delay information is back-annotated.

Operating Conditions: ss0p95v25c   Library: saed32rvt_ss0p95v25c

  Startpoint: g31 (input port clocked by ideal_clock1)
  Endpoint: g11163 (output port clocked by ideal_clock1)
  Path Group: ideal_clock1
  Path Type: max

  Point                                    Incr       Path
  -----------------------------------------------------------
  clock ideal_clock1 (rise edge)           0.00       0.00
  clock network delay (ideal)              0.00       0.00
  input external delay                     2.00       2.00 r
  g31 (in)                                 0.00       2.00 r
  U1704/Y (INVX1_RVT)                      0.02 *     2.02 f
  U1728/Y (AND2X1_RVT)                     0.09 *     2.11 f
  U1749/Y (OA221X1_RVT)                    0.15 *     2.26 f
  U1750/Y (AND3X1_RVT)                     0.09 *     2.35 f
  U1751/Y (AND2X1_RVT)                     0.09 *     2.44 f
  U1754/Y (NAND2X0_RVT)                    0.10 *     2.54 r
  U1757/Y (OA21X1_RVT)                     0.09 *     2.62 r
  U1759/Y (AND4X1_RVT)                     0.09 *     2.72 r
  U1761/Y (AND4X1_RVT)                     0.09 *     2.81 r
  U1770/Y (AND3X1_RVT)                     0.08 *     2.89 r
  U1772/Y (NAND4X0_RVT)                    0.13 *     3.02 f
  U1466/Y (INVX0_RVT)                      0.07 *     3.09 r
  U1697/Y (NOR3X0_RVT)                     0.11 *     3.20 f
  U1586/Y (AND2X1_RVT)                     0.06 *     3.26 f
  U1587/Y (NAND2X0_RVT)                    0.17 *     3.43 r
  U1458/Y (XOR3X2_RVT)                     0.24 *     3.67 f
  U1597/Y (XOR3X2_RVT)                     0.08 *     3.75 f
  U1593/Y (XOR2X2_RVT)                     0.11 *     3.86 r
  U1460/Y (XOR3X2_RVT)                     0.09 *     3.96 f
  U2666/SO (HADDX1_RVT)                    0.13 *     4.09 r
  g11163 (out)                             0.00 *     4.09 r
  data arrival time                                   4.09

  clock ideal_clock1 (rise edge)          10.00      10.00
  clock network delay (ideal)              0.00      10.00
  output external delay                   -2.00       8.00
  data required time                                  8.00
  -----------------------------------------------------------
  data required time                                  8.00
  data arrival time                                  -4.09
  -----------------------------------------------------------
  slack (MET)                                         3.91


  Startpoint: g31 (input port clocked by ideal_clock1)
  Endpoint: g10801 (output port clocked by ideal_clock1)
  Path Group: ideal_clock1
  Path Type: max

  Point                                    Incr       Path
  -----------------------------------------------------------
  clock ideal_clock1 (rise edge)           0.00       0.00
  clock network delay (ideal)              0.00       0.00
  input external delay                     2.00       2.00 r
  g31 (in)                                 0.00       2.00 r
  U1704/Y (INVX1_RVT)                      0.02 *     2.02 f
  U1728/Y (AND2X1_RVT)                     0.09 *     2.11 f
  U1749/Y (OA221X1_RVT)                    0.15 *     2.26 f
  U1750/Y (AND3X1_RVT)                     0.09 *     2.35 f
  U1751/Y (AND2X1_RVT)                     0.09 *     2.44 f
  U1754/Y (NAND2X0_RVT)                    0.10 *     2.54 r
  U1757/Y (OA21X1_RVT)                     0.09 *     2.62 r
  U1759/Y (AND4X1_RVT)                     0.09 *     2.72 r
  U1761/Y (AND4X1_RVT)                     0.09 *     2.81 r
  U1770/Y (AND3X1_RVT)                     0.08 *     2.89 r
  U1772/Y (NAND4X0_RVT)                    0.13 *     3.02 f
  U1466/Y (INVX0_RVT)                      0.07 *     3.09 r
  U1697/Y (NOR3X0_RVT)                     0.11 *     3.20 f
  U1586/Y (AND2X1_RVT)                     0.06 *     3.26 f
  U1587/Y (NAND2X0_RVT)                    0.17 *     3.43 r
  U1458/Y (XOR3X2_RVT)                     0.24 *     3.67 f
  U1597/Y (XOR3X2_RVT)                     0.09 *     3.77 r
  U1593/Y (XOR2X2_RVT)                     0.11 *     3.88 f
  U1460/Y (XOR3X2_RVT)                     0.09 *     3.97 r
  U1595/Y (INVX0_RVT)                      0.03 *     3.99 f
  U2440/Y (NAND2X0_RVT)                    0.06 *     4.05 r
  g10801 (out)                             0.00 *     4.05 r
  data arrival time                                   4.05

  clock ideal_clock1 (rise edge)          10.00      10.00
  clock network delay (ideal)              0.00      10.00
  output external delay                   -2.00       8.00
  data required time                                  8.00
  -----------------------------------------------------------
  data required time                                  8.00
  data arrival time                                  -4.05
  -----------------------------------------------------------
  slack (MET)                                         3.95


  Startpoint: g31 (input port clocked by ideal_clock1)
  Endpoint: g11206 (output port clocked by ideal_clock1)
  Path Group: ideal_clock1
  Path Type: max

  Point                                    Incr       Path
  -----------------------------------------------------------
  clock ideal_clock1 (rise edge)           0.00       0.00
  clock network delay (ideal)              0.00       0.00
  input external delay                     2.00       2.00 r
  g31 (in)                                 0.00       2.00 r
  U1704/Y (INVX1_RVT)                      0.02 *     2.02 f
  U1728/Y (AND2X1_RVT)                     0.09 *     2.11 f
  U1749/Y (OA221X1_RVT)                    0.15 *     2.26 f
  U1750/Y (AND3X1_RVT)                     0.09 *     2.35 f
  U1751/Y (AND2X1_RVT)                     0.09 *     2.44 f
  U1754/Y (NAND2X0_RVT)                    0.10 *     2.54 r
  U1757/Y (OA21X1_RVT)                     0.09 *     2.62 r
  U1759/Y (AND4X1_RVT)                     0.09 *     2.72 r
  U1761/Y (AND4X1_RVT)                     0.09 *     2.81 r
  U1770/Y (AND3X1_RVT)                     0.08 *     2.89 r
  U1772/Y (NAND4X0_RVT)                    0.13 *     3.02 f
  U1466/Y (INVX0_RVT)                      0.07 *     3.09 r
  U1697/Y (NOR3X0_RVT)                     0.11 *     3.20 f
  U1586/Y (AND2X1_RVT)                     0.06 *     3.26 f
  U1587/Y (NAND2X0_RVT)                    0.17 *     3.43 r
  U1457/Y (NAND3X2_RVT)                    0.15 *     3.58 f
  U2197/Y (AND3X1_RVT)                     0.09 *     3.66 f
  U2361/Y (AND2X1_RVT)                     0.07 *     3.74 f
  g11206 (out)                             0.00 *     3.74 f
  data arrival time                                   3.74

  clock ideal_clock1 (rise edge)          10.00      10.00
  clock network delay (ideal)              0.00      10.00
  output external delay                   -2.00       8.00
  data required time                                  8.00
  -----------------------------------------------------------
  data required time                                  8.00
  data arrival time                                  -3.74
  -----------------------------------------------------------
  slack (MET)                                         4.26


  Startpoint: g31 (input port clocked by ideal_clock1)
  Endpoint: g10628 (output port clocked by ideal_clock1)
  Path Group: ideal_clock1
  Path Type: max

  Point                                    Incr       Path
  -----------------------------------------------------------
  clock ideal_clock1 (rise edge)           0.00       0.00
  clock network delay (ideal)              0.00       0.00
  input external delay                     2.00       2.00 r
  g31 (in)                                 0.00       2.00 r
  U1704/Y (INVX1_RVT)                      0.02 *     2.02 f
  U1728/Y (AND2X1_RVT)                     0.09 *     2.11 f
  U1749/Y (OA221X1_RVT)                    0.15 *     2.26 f
  U1750/Y (AND3X1_RVT)                     0.09 *     2.35 f
  U1751/Y (AND2X1_RVT)                     0.09 *     2.44 f
  U1754/Y (NAND2X0_RVT)                    0.10 *     2.54 r
  U1757/Y (OA21X1_RVT)                     0.09 *     2.62 r
  U1759/Y (AND4X1_RVT)                     0.09 *     2.72 r
  U1761/Y (AND4X1_RVT)                     0.09 *     2.81 r
  U1770/Y (AND3X1_RVT)                     0.08 *     2.89 r
  U1772/Y (NAND4X0_RVT)                    0.13 *     3.02 f
  U1466/Y (INVX0_RVT)                      0.07 *     3.09 r
  U1697/Y (NOR3X0_RVT)                     0.11 *     3.20 f
  U1586/Y (AND2X1_RVT)                     0.06 *     3.26 f
  U1587/Y (NAND2X0_RVT)                    0.17 *     3.43 r
  U1457/Y (NAND3X2_RVT)                    0.15 *     3.58 f
  U2197/Y (AND3X1_RVT)                     0.09 *     3.66 f
  g10628 (out)                             0.00 *     3.66 f
  data arrival time                                   3.66

  clock ideal_clock1 (rise edge)          10.00      10.00
  clock network delay (ideal)              0.00      10.00
  output external delay                   -2.00       8.00
  data required time                                  8.00
  -----------------------------------------------------------
  data required time                                  8.00
  data arrival time                                  -3.66
  -----------------------------------------------------------
  slack (MET)                                         4.34


  Startpoint: g31 (input port clocked by ideal_clock1)
  Endpoint: g10459 (output port clocked by ideal_clock1)
  Path Group: ideal_clock1
  Path Type: max

  Point                                    Incr       Path
  -----------------------------------------------------------
  clock ideal_clock1 (rise edge)           0.00       0.00
  clock network delay (ideal)              0.00       0.00
  input external delay                     2.00       2.00 f
  g31 (in)                                 0.00       2.00 f
  U1704/Y (INVX1_RVT)                      0.02 *     2.02 r
  U1728/Y (AND2X1_RVT)                     0.09 *     2.11 r
  U1749/Y (OA221X1_RVT)                    0.13 *     2.24 r
  U1750/Y (AND3X1_RVT)                     0.09 *     2.33 r
  U1751/Y (AND2X1_RVT)                     0.09 *     2.42 r
  U1754/Y (NAND2X0_RVT)                    0.09 *     2.51 f
  U1757/Y (OA21X1_RVT)                     0.10 *     2.61 f
  U1759/Y (AND4X1_RVT)                     0.09 *     2.70 f
  U1761/Y (AND4X1_RVT)                     0.10 *     2.80 f
  U1770/Y (AND3X1_RVT)                     0.09 *     2.88 f
  U1772/Y (NAND4X0_RVT)                    0.09 *     2.97 r
  U1591/Y (NAND4X0_RVT)                    0.29 *     3.26 f
  U1465/Y (INVX0_RVT)                      0.15 *     3.42 r
  U2590/Y (NAND2X0_RVT)                    0.07 *     3.49 f
  g10459 (out)                             0.00 *     3.49 f
  data arrival time                                   3.49

  clock ideal_clock1 (rise edge)          10.00      10.00
  clock network delay (ideal)              0.00      10.00
  output external delay                   -2.00       8.00
  data required time                                  8.00
  -----------------------------------------------------------
  data required time                                  8.00
  data arrival time                                  -3.49
  -----------------------------------------------------------
  slack (MET)                                         4.51


  Startpoint: g31 (input port clocked by ideal_clock1)
  Endpoint: g10461 (output port clocked by ideal_clock1)
  Path Group: ideal_clock1
  Path Type: max

  Point                                    Incr       Path
  -----------------------------------------------------------
  clock ideal_clock1 (rise edge)           0.00       0.00
  clock network delay (ideal)              0.00       0.00
  input external delay                     2.00       2.00 f
  g31 (in)                                 0.00       2.00 f
  U1704/Y (INVX1_RVT)                      0.02 *     2.02 r
  U1728/Y (AND2X1_RVT)                     0.09 *     2.11 r
  U1749/Y (OA221X1_RVT)                    0.13 *     2.24 r
  U1750/Y (AND3X1_RVT)                     0.09 *     2.33 r
  U1751/Y (AND2X1_RVT)                     0.09 *     2.42 r
  U1754/Y (NAND2X0_RVT)                    0.09 *     2.51 f
  U1757/Y (OA21X1_RVT)                     0.10 *     2.61 f
  U1759/Y (AND4X1_RVT)                     0.09 *     2.70 f
  U1761/Y (AND4X1_RVT)                     0.10 *     2.80 f
  U1770/Y (AND3X1_RVT)                     0.09 *     2.88 f
  U1772/Y (NAND4X0_RVT)                    0.09 *     2.97 r
  U1492/Y (NAND4X0_RVT)                    0.30 *     3.26 f
  U1464/Y (INVX1_RVT)                      0.10 *     3.37 r
  U2535/Y (NAND2X0_RVT)                    0.07 *     3.44 f
  g10461 (out)                             0.00 *     3.44 f
  data arrival time                                   3.44

  clock ideal_clock1 (rise edge)          10.00      10.00
  clock network delay (ideal)              0.00      10.00
  output external delay                   -2.00       8.00
  data required time                                  8.00
  -----------------------------------------------------------
  data required time                                  8.00
  data arrival time                                  -3.44
  -----------------------------------------------------------
  slack (MET)                                         4.56


  Startpoint: g31 (input port clocked by ideal_clock1)
  Endpoint: g10455 (output port clocked by ideal_clock1)
  Path Group: ideal_clock1
  Path Type: max

  Point                                    Incr       Path
  -----------------------------------------------------------
  clock ideal_clock1 (rise edge)           0.00       0.00
  clock network delay (ideal)              0.00       0.00
  input external delay                     2.00       2.00 r
  g31 (in)                                 0.00       2.00 r
  U1704/Y (INVX1_RVT)                      0.02 *     2.02 f
  U1728/Y (AND2X1_RVT)                     0.09 *     2.11 f
  U1749/Y (OA221X1_RVT)                    0.15 *     2.26 f
  U1750/Y (AND3X1_RVT)                     0.09 *     2.35 f
  U1751/Y (AND2X1_RVT)                     0.09 *     2.44 f
  U1754/Y (NAND2X0_RVT)                    0.10 *     2.54 r
  U1757/Y (OA21X1_RVT)                     0.09 *     2.62 r
  U1759/Y (AND4X1_RVT)                     0.09 *     2.72 r
  U1761/Y (AND4X1_RVT)                     0.09 *     2.81 r
  U1770/Y (AND3X1_RVT)                     0.08 *     2.89 r
  U1772/Y (NAND4X0_RVT)                    0.13 *     3.02 f
  U1455/Y (NAND4X1_RVT)                    0.25 *     3.27 r
  U1447/Y (INVX0_RVT)                      0.08 *     3.35 f
  U2542/Y (NAND2X0_RVT)                    0.08 *     3.44 r
  g10455 (out)                             0.00 *     3.44 r
  data arrival time                                   3.44

  clock ideal_clock1 (rise edge)          10.00      10.00
  clock network delay (ideal)              0.00      10.00
  output external delay                   -2.00       8.00
  data required time                                  8.00
  -----------------------------------------------------------
  data required time                                  8.00
  data arrival time                                  -3.44
  -----------------------------------------------------------
  slack (MET)                                         4.56


  Startpoint: g31 (input port clocked by ideal_clock1)
  Endpoint: g10463 (output port clocked by ideal_clock1)
  Path Group: ideal_clock1
  Path Type: max

  Point                                    Incr       Path
  -----------------------------------------------------------
  clock ideal_clock1 (rise edge)           0.00       0.00
  clock network delay (ideal)              0.00       0.00
  input external delay                     2.00       2.00 r
  g31 (in)                                 0.00       2.00 r
  U1704/Y (INVX1_RVT)                      0.02 *     2.02 f
  U1728/Y (AND2X1_RVT)                     0.09 *     2.11 f
  U1749/Y (OA221X1_RVT)                    0.15 *     2.26 f
  U1750/Y (AND3X1_RVT)                     0.09 *     2.35 f
  U1751/Y (AND2X1_RVT)                     0.09 *     2.44 f
  U1754/Y (NAND2X0_RVT)                    0.10 *     2.54 r
  U1757/Y (OA21X1_RVT)                     0.09 *     2.62 r
  U1759/Y (AND4X1_RVT)                     0.09 *     2.72 r
  U1761/Y (AND4X1_RVT)                     0.09 *     2.81 r
  U1494/Y (AND3X1_RVT)                     0.08 *     2.89 r
  U1448/Y (NAND3X0_RVT)                    0.09 *     2.98 f
  U1700/Y (NOR2X0_RVT)                     0.10 *     3.08 r
  U1718/Y (OR2X1_RVT)                      0.06 *     3.14 r
  U1862/Y (NOR4X1_RVT)                     0.13 *     3.27 f
  U1459/Y (NBUFFX2_RVT)                    0.08 *     3.34 f
  U2488/Y (NAND2X0_RVT)                    0.06 *     3.40 r
  g10463 (out)                             0.00 *     3.40 r
  data arrival time                                   3.40

  clock ideal_clock1 (rise edge)          10.00      10.00
  clock network delay (ideal)              0.00      10.00
  output external delay                   -2.00       8.00
  data required time                                  8.00
  -----------------------------------------------------------
  data required time                                  8.00
  data arrival time                                  -3.40
  -----------------------------------------------------------
  slack (MET)                                         4.60


  Startpoint: g31 (input port clocked by ideal_clock1)
  Endpoint: g10465 (output port clocked by ideal_clock1)
  Path Group: ideal_clock1
  Path Type: max

  Point                                    Incr       Path
  -----------------------------------------------------------
  clock ideal_clock1 (rise edge)           0.00       0.00
  clock network delay (ideal)              0.00       0.00
  input external delay                     2.00       2.00 f
  g31 (in)                                 0.00       2.00 f
  U1704/Y (INVX1_RVT)                      0.02 *     2.02 r
  U1728/Y (AND2X1_RVT)                     0.09 *     2.11 r
  U1749/Y (OA221X1_RVT)                    0.13 *     2.24 r
  U1750/Y (AND3X1_RVT)                     0.09 *     2.33 r
  U1751/Y (AND2X1_RVT)                     0.09 *     2.42 r
  U1754/Y (NAND2X0_RVT)                    0.09 *     2.51 f
  U1757/Y (OA21X1_RVT)                     0.10 *     2.61 f
  U1759/Y (AND4X1_RVT)                     0.09 *     2.70 f
  U1761/Y (AND4X1_RVT)                     0.10 *     2.80 f
  U1494/Y (AND3X1_RVT)                     0.09 *     2.88 f
  U1448/Y (NAND3X0_RVT)                    0.07 *     2.95 r
  U1766/Y (NAND4X0_RVT)                    0.25 *     3.20 f
  U1854/Y (INVX1_RVT)                      0.12 *     3.33 r
  U2562/Y (NAND2X0_RVT)                    0.07 *     3.39 f
  g10465 (out)                             0.00 *     3.39 f
  data arrival time                                   3.39

  clock ideal_clock1 (rise edge)          10.00      10.00
  clock network delay (ideal)              0.00      10.00
  output external delay                   -2.00       8.00
  data required time                                  8.00
  -----------------------------------------------------------
  data required time                                  8.00
  data arrival time                                  -3.39
  -----------------------------------------------------------
  slack (MET)                                         4.61


  Startpoint: g31 (input port clocked by ideal_clock1)
  Endpoint: g10457 (output port clocked by ideal_clock1)
  Path Group: ideal_clock1
  Path Type: max

  Point                                    Incr       Path
  -----------------------------------------------------------
  clock ideal_clock1 (rise edge)           0.00       0.00
  clock network delay (ideal)              0.00       0.00
  input external delay                     2.00       2.00 r
  g31 (in)                                 0.00       2.00 r
  U1704/Y (INVX1_RVT)                      0.02 *     2.02 f
  U1728/Y (AND2X1_RVT)                     0.09 *     2.11 f
  U1749/Y (OA221X1_RVT)                    0.15 *     2.26 f
  U1750/Y (AND3X1_RVT)                     0.09 *     2.35 f
  U1751/Y (AND2X1_RVT)                     0.09 *     2.44 f
  U1754/Y (NAND2X0_RVT)                    0.10 *     2.54 r
  U1757/Y (OA21X1_RVT)                     0.09 *     2.62 r
  U1759/Y (AND4X1_RVT)                     0.09 *     2.72 r
  U1761/Y (AND4X1_RVT)                     0.09 *     2.81 r
  U1770/Y (AND3X1_RVT)                     0.08 *     2.89 r
  U1772/Y (NAND4X0_RVT)                    0.13 *     3.02 f
  U1466/Y (INVX0_RVT)                      0.07 *     3.09 r
  U1697/Y (NOR3X0_RVT)                     0.11 *     3.20 f
  U1586/Y (AND2X1_RVT)                     0.06 *     3.26 f
  U1585/Y (AND2X1_RVT)                     0.07 *     3.32 f
  U2612/Y (NAND2X0_RVT)                    0.06 *     3.39 r
  g10457 (out)                             0.00 *     3.39 r
  data arrival time                                   3.39

  clock ideal_clock1 (rise edge)          10.00      10.00
  clock network delay (ideal)              0.00      10.00
  output external delay                   -2.00       8.00
  data required time                                  8.00
  -----------------------------------------------------------
  data required time                                  8.00
  data arrival time                                  -3.39
  -----------------------------------------------------------
  slack (MET)                                         4.61


  Startpoint: g31 (input port clocked by ideal_clock1)
  Endpoint: g10377 (output port clocked by ideal_clock1)
  Path Group: ideal_clock1
  Path Type: max

  Point                                    Incr       Path
  -----------------------------------------------------------
  clock ideal_clock1 (rise edge)           0.00       0.00
  clock network delay (ideal)              0.00       0.00
  input external delay                     2.00       2.00 f
  g31 (in)                                 0.00       2.00 f
  U1704/Y (INVX1_RVT)                      0.02 *     2.02 r
  U1728/Y (AND2X1_RVT)                     0.09 *     2.11 r
  U1749/Y (OA221X1_RVT)                    0.13 *     2.24 r
  U1750/Y (AND3X1_RVT)                     0.09 *     2.33 r
  U1751/Y (AND2X1_RVT)                     0.09 *     2.42 r
  U1754/Y (NAND2X0_RVT)                    0.09 *     2.51 f
  U1757/Y (OA21X1_RVT)                     0.10 *     2.61 f
  U1759/Y (AND4X1_RVT)                     0.09 *     2.70 f
  U1761/Y (AND4X1_RVT)                     0.10 *     2.80 f
  U1770/Y (AND3X1_RVT)                     0.09 *     2.88 f
  U1804/Y (NOR4X1_RVT)                     0.15 *     3.03 r
  U1805/Y (NAND3X0_RVT)                    0.14 *     3.17 f
  U1864/Y (INVX1_RVT)                      0.12 *     3.29 r
  U2655/Y (NAND2X0_RVT)                    0.07 *     3.36 f
  g10377 (out)                             0.00 *     3.36 f
  data arrival time                                   3.36

  clock ideal_clock1 (rise edge)          10.00      10.00
  clock network delay (ideal)              0.00      10.00
  output external delay                   -2.00       8.00
  data required time                                  8.00
  -----------------------------------------------------------
  data required time                                  8.00
  data arrival time                                  -3.36
  -----------------------------------------------------------
  slack (MET)                                         4.64


  Startpoint: g31 (input port clocked by ideal_clock1)
  Endpoint: g10379 (output port clocked by ideal_clock1)
  Path Group: ideal_clock1
  Path Type: max

  Point                                    Incr       Path
  -----------------------------------------------------------
  clock ideal_clock1 (rise edge)           0.00       0.00
  clock network delay (ideal)              0.00       0.00
  input external delay                     2.00       2.00 r
  g31 (in)                                 0.00       2.00 r
  U1704/Y (INVX1_RVT)                      0.02 *     2.02 f
  U1728/Y (AND2X1_RVT)                     0.09 *     2.11 f
  U1749/Y (OA221X1_RVT)                    0.15 *     2.26 f
  U1750/Y (AND3X1_RVT)                     0.09 *     2.35 f
  U1751/Y (AND2X1_RVT)                     0.09 *     2.44 f
  U1754/Y (NAND2X0_RVT)                    0.10 *     2.54 r
  U1757/Y (OA21X1_RVT)                     0.09 *     2.62 r
  U1759/Y (AND4X1_RVT)                     0.09 *     2.72 r
  U1761/Y (AND4X1_RVT)                     0.09 *     2.81 r
  U1494/Y (AND3X1_RVT)                     0.08 *     2.89 r
  U1811/Y (NAND3X0_RVT)                    0.06 *     2.96 f
  U1812/Y (NAND2X0_RVT)                    0.22 *     3.17 r
  U1865/Y (INVX1_RVT)                      0.04 *     3.22 f
  U2532/Y (NAND2X0_RVT)                    0.10 *     3.31 r
  g10379 (out)                             0.00 *     3.31 r
  data arrival time                                   3.31

  clock ideal_clock1 (rise edge)          10.00      10.00
  clock network delay (ideal)              0.00      10.00
  output external delay                   -2.00       8.00
  data required time                                  8.00
  -----------------------------------------------------------
  data required time                                  8.00
  data arrival time                                  -3.31
  -----------------------------------------------------------
  slack (MET)                                         4.69


  Startpoint: g31 (input port clocked by ideal_clock1)
  Endpoint: DFF_263/q_reg
            (rising edge-triggered flip-flop clocked by ideal_clock1)
  Path Group: ideal_clock1
  Path Type: max

  Point                                    Incr       Path
  -----------------------------------------------------------
  clock ideal_clock1 (rise edge)           0.00       0.00
  clock network delay (ideal)              0.00       0.00
  input external delay                     2.00       2.00 r
  g31 (in)                                 0.00       2.00 r
  U1704/Y (INVX1_RVT)                      0.02 *     2.02 f
  U1728/Y (AND2X1_RVT)                     0.09 *     2.11 f
  U1749/Y (OA221X1_RVT)                    0.15 *     2.26 f
  U1750/Y (AND3X1_RVT)                     0.09 *     2.35 f
  U1751/Y (AND2X1_RVT)                     0.09 *     2.44 f
  U1754/Y (NAND2X0_RVT)                    0.10 *     2.54 r
  U1757/Y (OA21X1_RVT)                     0.09 *     2.62 r
  U1759/Y (AND4X1_RVT)                     0.09 *     2.72 r
  U1761/Y (AND4X1_RVT)                     0.09 *     2.81 r
  U1770/Y (AND3X1_RVT)                     0.08 *     2.89 r
  U1772/Y (NAND4X0_RVT)                    0.13 *     3.02 f
  U1455/Y (NAND4X1_RVT)                    0.25 *     3.27 r
  U1447/Y (INVX0_RVT)                      0.08 *     3.35 f
  U1866/Y (AND3X1_RVT)                     0.10 *     3.45 f
  U1867/Y (AND2X1_RVT)                     0.06 *     3.51 f
  U1868/Y (NAND2X0_RVT)                    0.04 *     3.56 r
  U1870/Y (AO21X1_RVT)                     0.13 *     3.68 r
  U1872/Y (NAND2X0_RVT)                    0.05 *     3.73 f
  U1873/Y (NOR4X1_RVT)                     0.13 *     3.86 r
  U28/Y (NBUFFX2_RVT)                      0.11 *     3.97 r
  U1917/Y (MUX41X1_RVT)                    0.13 *     4.10 f
  U1485/Y (XOR3X1_RVT)                     0.22 *     4.32 f
  U1484/Y (XOR3X1_RVT)                     0.21 *     4.54 f
  U1483/Y (XOR3X1_RVT)                     0.11 *     4.65 f
  U2167/Y (MUX21X1_RVT)                    0.11 *     4.76 f
  U2168/Y (OAI22X1_RVT)                    0.10 *     4.86 r
  DFF_263/q_reg/D (DFFX1_RVT)              0.00 *     4.86 r
  data arrival time                                   4.86

  clock ideal_clock1 (rise edge)          10.00      10.00
  clock network delay (ideal)              0.40      10.40
  clock uncertainty                       -0.05      10.35
  DFF_263/q_reg/CLK (DFFX1_RVT)            0.00      10.35 r
  library setup time                      -0.05      10.30
  data required time                                 10.30
  -----------------------------------------------------------
  data required time                                 10.30
  data arrival time                                  -4.86
  -----------------------------------------------------------
  slack (MET)                                         5.44


  Startpoint: g31 (input port clocked by ideal_clock1)
  Endpoint: DFF_266/q_reg
            (rising edge-triggered flip-flop clocked by ideal_clock1)
  Path Group: ideal_clock1
  Path Type: max

  Point                                    Incr       Path
  -----------------------------------------------------------
  clock ideal_clock1 (rise edge)           0.00       0.00
  clock network delay (ideal)              0.00       0.00
  input external delay                     2.00       2.00 r
  g31 (in)                                 0.00       2.00 r
  U1704/Y (INVX1_RVT)                      0.02 *     2.02 f
  U1728/Y (AND2X1_RVT)                     0.09 *     2.11 f
  U1749/Y (OA221X1_RVT)                    0.15 *     2.26 f
  U1750/Y (AND3X1_RVT)                     0.09 *     2.35 f
  U1751/Y (AND2X1_RVT)                     0.09 *     2.44 f
  U1754/Y (NAND2X0_RVT)                    0.10 *     2.54 r
  U1757/Y (OA21X1_RVT)                     0.09 *     2.62 r
  U1759/Y (AND4X1_RVT)                     0.09 *     2.72 r
  U1761/Y (AND4X1_RVT)                     0.09 *     2.81 r
  U1770/Y (AND3X1_RVT)                     0.08 *     2.89 r
  U1772/Y (NAND4X0_RVT)                    0.13 *     3.02 f
  U1455/Y (NAND4X1_RVT)                    0.25 *     3.27 r
  U1447/Y (INVX0_RVT)                      0.08 *     3.35 f
  U1866/Y (AND3X1_RVT)                     0.10 *     3.45 f
  U1867/Y (AND2X1_RVT)                     0.06 *     3.51 f
  U1868/Y (NAND2X0_RVT)                    0.04 *     3.56 r
  U1870/Y (AO21X1_RVT)                     0.13 *     3.68 r
  U1872/Y (NAND2X0_RVT)                    0.05 *     3.73 f
  U1873/Y (NOR4X1_RVT)                     0.13 *     3.86 r
  U28/Y (NBUFFX2_RVT)                      0.11 *     3.97 r
  U1917/Y (MUX41X1_RVT)                    0.13 *     4.10 f
  U1485/Y (XOR3X1_RVT)                     0.22 *     4.32 f
  U1484/Y (XOR3X1_RVT)                     0.21 *     4.54 f
  U1483/Y (XOR3X1_RVT)                     0.11 *     4.65 f
  U1929/SO (HADDX1_RVT)                    0.13 *     4.78 r
  U1931/Y (AO22X1_RVT)                     0.07 *     4.85 r
  DFF_266/q_reg/D (DFFX1_RVT)              0.00 *     4.85 r
  data arrival time                                   4.85

  clock ideal_clock1 (rise edge)          10.00      10.00
  clock network delay (ideal)              0.40      10.40
  clock uncertainty                       -0.05      10.35
  DFF_266/q_reg/CLK (DFFX1_RVT)            0.00      10.35 r
  library setup time                      -0.05      10.30
  data required time                                 10.30
  -----------------------------------------------------------
  data required time                                 10.30
  data arrival time                                  -4.85
  -----------------------------------------------------------
  slack (MET)                                         5.45


  Startpoint: g109 (input port clocked by ideal_clock1)
  Endpoint: g5658 (output port clocked by ideal_clock1)
  Path Group: ideal_clock1
  Path Type: max

  Point                                    Incr       Path
  -----------------------------------------------------------
  clock ideal_clock1 (rise edge)           0.00       0.00
  clock network delay (ideal)              0.00       0.00
  input external delay                     2.00       2.00 f
  g109 (in)                                0.00       2.00 f
  U9/Y (NBUFFX2_RVT)                       0.12 *     2.12 f
  U2278/Y (AND3X1_RVT)                     0.22 *     2.34 f
  g5658 (out)                              0.00 *     2.34 f
  data arrival time                                   2.34

  clock ideal_clock1 (rise edge)          10.00      10.00
  clock network delay (ideal)              0.00      10.00
  output external delay                   -2.00       8.00
  data required time                                  8.00
  -----------------------------------------------------------
  data required time                                  8.00
  data arrival time                                  -2.34
  -----------------------------------------------------------
  slack (MET)                                         5.66


  Startpoint: g109 (input port clocked by ideal_clock1)
  Endpoint: g5659 (output port clocked by ideal_clock1)
  Path Group: ideal_clock1
  Path Type: max

  Point                                    Incr       Path
  -----------------------------------------------------------
  clock ideal_clock1 (rise edge)           0.00       0.00
  clock network delay (ideal)              0.00       0.00
  input external delay                     2.00       2.00 f
  g109 (in)                                0.00       2.00 f
  U9/Y (NBUFFX2_RVT)                       0.12 *     2.12 f
  U2285/Y (AND3X1_RVT)                     0.21 *     2.33 f
  g5659 (out)                              0.00 *     2.33 f
  data arrival time                                   2.33

  clock ideal_clock1 (rise edge)          10.00      10.00
  clock network delay (ideal)              0.00      10.00
  output external delay                   -2.00       8.00
  data required time                                  8.00
  -----------------------------------------------------------
  data required time                                  8.00
  data arrival time                                  -2.33
  -----------------------------------------------------------
  slack (MET)                                         5.67


  Startpoint: g31 (input port clocked by ideal_clock1)
  Endpoint: DFF_181/q_reg
            (rising edge-triggered flip-flop clocked by ideal_clock1)
  Path Group: ideal_clock1
  Path Type: max

  Point                                    Incr       Path
  -----------------------------------------------------------
  clock ideal_clock1 (rise edge)           0.00       0.00
  clock network delay (ideal)              0.00       0.00
  input external delay                     2.00       2.00 r
  g31 (in)                                 0.00       2.00 r
  U1704/Y (INVX1_RVT)                      0.02 *     2.02 f
  U1728/Y (AND2X1_RVT)                     0.09 *     2.11 f
  U1749/Y (OA221X1_RVT)                    0.15 *     2.26 f
  U1750/Y (AND3X1_RVT)                     0.09 *     2.35 f
  U1751/Y (AND2X1_RVT)                     0.09 *     2.44 f
  U1754/Y (NAND2X0_RVT)                    0.10 *     2.54 r
  U1757/Y (OA21X1_RVT)                     0.09 *     2.62 r
  U1759/Y (AND4X1_RVT)                     0.09 *     2.72 r
  U1761/Y (AND4X1_RVT)                     0.09 *     2.81 r
  U1770/Y (AND3X1_RVT)                     0.08 *     2.89 r
  U1772/Y (NAND4X0_RVT)                    0.13 *     3.02 f
  U1455/Y (NAND4X1_RVT)                    0.25 *     3.27 r
  U1447/Y (INVX0_RVT)                      0.08 *     3.35 f
  U1866/Y (AND3X1_RVT)                     0.10 *     3.45 f
  U1867/Y (AND2X1_RVT)                     0.06 *     3.51 f
  U1868/Y (NAND2X0_RVT)                    0.04 *     3.56 r
  U1870/Y (AO21X1_RVT)                     0.13 *     3.68 r
  U1872/Y (NAND2X0_RVT)                    0.05 *     3.73 f
  U1873/Y (NOR4X1_RVT)                     0.13 *     3.86 r
  U28/Y (NBUFFX2_RVT)                      0.11 *     3.97 r
  U1874/Y (NOR2X0_RVT)                     0.15 *     4.12 f
  U2169/Y (AND2X1_RVT)                     0.09 *     4.21 f
  U1512/Y (NAND2X1_RVT)                    0.15 *     4.36 r
  U31/Y (INVX1_RVT)                        0.08 *     4.44 f
  U2178/Y (AO22X1_RVT)                     0.11 *     4.55 f
  DFF_181/q_reg/D (DFFX1_RVT)              0.00 *     4.55 f
  data arrival time                                   4.55

  clock ideal_clock1 (rise edge)          10.00      10.00
  clock network delay (ideal)              0.40      10.40
  clock uncertainty                       -0.05      10.35
  DFF_181/q_reg/CLK (DFFX1_RVT)            0.00      10.35 r
  library setup time                      -0.03      10.32
  data required time                                 10.32
  -----------------------------------------------------------
  data required time                                 10.32
  data arrival time                                  -4.55
  -----------------------------------------------------------
  slack (MET)                                         5.77


  Startpoint: g31 (input port clocked by ideal_clock1)
  Endpoint: DFF_454/q_reg
            (rising edge-triggered flip-flop clocked by ideal_clock1)
  Path Group: ideal_clock1
  Path Type: max

  Point                                    Incr       Path
  -----------------------------------------------------------
  clock ideal_clock1 (rise edge)           0.00       0.00
  clock network delay (ideal)              0.00       0.00
  input external delay                     2.00       2.00 r
  g31 (in)                                 0.00       2.00 r
  U1704/Y (INVX1_RVT)                      0.02 *     2.02 f
  U1728/Y (AND2X1_RVT)                     0.09 *     2.11 f
  U1749/Y (OA221X1_RVT)                    0.15 *     2.26 f
  U1750/Y (AND3X1_RVT)                     0.09 *     2.35 f
  U1751/Y (AND2X1_RVT)                     0.09 *     2.44 f
  U1754/Y (NAND2X0_RVT)                    0.10 *     2.54 r
  U1757/Y (OA21X1_RVT)                     0.09 *     2.62 r
  U1759/Y (AND4X1_RVT)                     0.09 *     2.72 r
  U1761/Y (AND4X1_RVT)                     0.09 *     2.81 r
  U1770/Y (AND3X1_RVT)                     0.08 *     2.89 r
  U1772/Y (NAND4X0_RVT)                    0.13 *     3.02 f
  U1455/Y (NAND4X1_RVT)                    0.25 *     3.27 r
  U1447/Y (INVX0_RVT)                      0.08 *     3.35 f
  U1866/Y (AND3X1_RVT)                     0.10 *     3.45 f
  U1867/Y (AND2X1_RVT)                     0.06 *     3.51 f
  U1868/Y (NAND2X0_RVT)                    0.04 *     3.56 r
  U1870/Y (AO21X1_RVT)                     0.13 *     3.68 r
  U1872/Y (NAND2X0_RVT)                    0.05 *     3.73 f
  U1873/Y (NOR4X1_RVT)                     0.13 *     3.86 r
  U28/Y (NBUFFX2_RVT)                      0.11 *     3.97 r
  U1874/Y (NOR2X0_RVT)                     0.15 *     4.12 f
  U2169/Y (AND2X1_RVT)                     0.09 *     4.21 f
  U1512/Y (NAND2X1_RVT)                    0.15 *     4.36 r
  U31/Y (INVX1_RVT)                        0.08 *     4.44 f
  U2172/Y (AO22X1_RVT)                     0.11 *     4.55 f
  DFF_454/q_reg/D (DFFX1_RVT)              0.00 *     4.55 f
  data arrival time                                   4.55

  clock ideal_clock1 (rise edge)          10.00      10.00
  clock network delay (ideal)              0.40      10.40
  clock uncertainty                       -0.05      10.35
  DFF_454/q_reg/CLK (DFFX1_RVT)            0.00      10.35 r
  library setup time                      -0.03      10.32
  data required time                                 10.32
  -----------------------------------------------------------
  data required time                                 10.32
  data arrival time                                  -4.55
  -----------------------------------------------------------
  slack (MET)                                         5.77


  Startpoint: g31 (input port clocked by ideal_clock1)
  Endpoint: DFF_312/q_reg
            (rising edge-triggered flip-flop clocked by ideal_clock1)
  Path Group: ideal_clock1
  Path Type: max

  Point                                    Incr       Path
  -----------------------------------------------------------
  clock ideal_clock1 (rise edge)           0.00       0.00
  clock network delay (ideal)              0.00       0.00
  input external delay                     2.00       2.00 r
  g31 (in)                                 0.00       2.00 r
  U1704/Y (INVX1_RVT)                      0.02 *     2.02 f
  U1728/Y (AND2X1_RVT)                     0.09 *     2.11 f
  U1749/Y (OA221X1_RVT)                    0.15 *     2.26 f
  U1750/Y (AND3X1_RVT)                     0.09 *     2.35 f
  U1751/Y (AND2X1_RVT)                     0.09 *     2.44 f
  U1754/Y (NAND2X0_RVT)                    0.10 *     2.54 r
  U1757/Y (OA21X1_RVT)                     0.09 *     2.62 r
  U1759/Y (AND4X1_RVT)                     0.09 *     2.72 r
  U1761/Y (AND4X1_RVT)                     0.09 *     2.81 r
  U1770/Y (AND3X1_RVT)                     0.08 *     2.89 r
  U1772/Y (NAND4X0_RVT)                    0.13 *     3.02 f
  U1455/Y (NAND4X1_RVT)                    0.25 *     3.27 r
  U1447/Y (INVX0_RVT)                      0.08 *     3.35 f
  U1866/Y (AND3X1_RVT)                     0.10 *     3.45 f
  U1867/Y (AND2X1_RVT)                     0.06 *     3.51 f
  U1868/Y (NAND2X0_RVT)                    0.04 *     3.56 r
  U1870/Y (AO21X1_RVT)                     0.13 *     3.68 r
  U1872/Y (NAND2X0_RVT)                    0.05 *     3.73 f
  U1873/Y (NOR4X1_RVT)                     0.13 *     3.86 r
  U28/Y (NBUFFX2_RVT)                      0.11 *     3.97 r
  U1874/Y (NOR2X0_RVT)                     0.15 *     4.12 f
  U2169/Y (AND2X1_RVT)                     0.09 *     4.21 f
  U1512/Y (NAND2X1_RVT)                    0.15 *     4.36 r
  U31/Y (INVX1_RVT)                        0.08 *     4.44 f
  U2175/Y (AO22X1_RVT)                     0.11 *     4.55 f
  DFF_312/q_reg/D (DFFX1_RVT)              0.00 *     4.55 f
  data arrival time                                   4.55

  clock ideal_clock1 (rise edge)          10.00      10.00
  clock network delay (ideal)              0.40      10.40
  clock uncertainty                       -0.05      10.35
  DFF_312/q_reg/CLK (DFFX1_RVT)            0.00      10.35 r
  library setup time                      -0.03      10.32
  data required time                                 10.32
  -----------------------------------------------------------
  data required time                                 10.32
  data arrival time                                  -4.55
  -----------------------------------------------------------
  slack (MET)                                         5.77


  Startpoint: g31 (input port clocked by ideal_clock1)
  Endpoint: DFF_148/q_reg
            (rising edge-triggered flip-flop clocked by ideal_clock1)
  Path Group: ideal_clock1
  Path Type: max

  Point                                    Incr       Path
  -----------------------------------------------------------
  clock ideal_clock1 (rise edge)           0.00       0.00
  clock network delay (ideal)              0.00       0.00
  input external delay                     2.00       2.00 r
  g31 (in)                                 0.00       2.00 r
  U1704/Y (INVX1_RVT)                      0.02 *     2.02 f
  U1728/Y (AND2X1_RVT)                     0.09 *     2.11 f
  U1749/Y (OA221X1_RVT)                    0.15 *     2.26 f
  U1750/Y (AND3X1_RVT)                     0.09 *     2.35 f
  U1751/Y (AND2X1_RVT)                     0.09 *     2.44 f
  U1754/Y (NAND2X0_RVT)                    0.10 *     2.54 r
  U1757/Y (OA21X1_RVT)                     0.09 *     2.62 r
  U1759/Y (AND4X1_RVT)                     0.09 *     2.72 r
  U1761/Y (AND4X1_RVT)                     0.09 *     2.81 r
  U1770/Y (AND3X1_RVT)                     0.08 *     2.89 r
  U1772/Y (NAND4X0_RVT)                    0.13 *     3.02 f
  U1455/Y (NAND4X1_RVT)                    0.25 *     3.27 r
  U1447/Y (INVX0_RVT)                      0.08 *     3.35 f
  U1866/Y (AND3X1_RVT)                     0.10 *     3.45 f
  U1867/Y (AND2X1_RVT)                     0.06 *     3.51 f
  U1868/Y (NAND2X0_RVT)                    0.04 *     3.56 r
  U1870/Y (AO21X1_RVT)                     0.13 *     3.68 r
  U1872/Y (NAND2X0_RVT)                    0.05 *     3.73 f
  U1873/Y (NOR4X1_RVT)                     0.13 *     3.86 r
  U28/Y (NBUFFX2_RVT)                      0.11 *     3.97 r
  U1874/Y (NOR2X0_RVT)                     0.15 *     4.12 f
  U2169/Y (AND2X1_RVT)                     0.09 *     4.21 f
  U1512/Y (NAND2X1_RVT)                    0.15 *     4.36 r
  U31/Y (INVX1_RVT)                        0.08 *     4.44 f
  U2179/Y (AO22X1_RVT)                     0.11 *     4.55 f
  DFF_148/q_reg/D (DFFX1_RVT)              0.00 *     4.55 f
  data arrival time                                   4.55

  clock ideal_clock1 (rise edge)          10.00      10.00
  clock network delay (ideal)              0.40      10.40
  clock uncertainty                       -0.05      10.35
  DFF_148/q_reg/CLK (DFFX1_RVT)            0.00      10.35 r
  library setup time                      -0.03      10.32
  data required time                                 10.32
  -----------------------------------------------------------
  data required time                                 10.32
  data arrival time                                  -4.55
  -----------------------------------------------------------
  slack (MET)                                         5.77


1
