 
****************************************
Report : timing
        -path full
        -delay min
        -max_paths 20
Design : s35932
Version: L-2016.03-SP5-1
Date   : Wed Mar  6 01:49:44 2019
****************************************

 * Some/all delay information is back-annotated.

 # A fanout number of 1000 was used for high fanout net computations.

Operating Conditions: ss0p95v25c   Library: saed32rvt_ss0p95v25c

  Startpoint: DFF_108/q_reg
              (rising edge-triggered flip-flop clocked by ideal_clock1)
  Endpoint: DFF_140/q_reg
            (rising edge-triggered flip-flop clocked by ideal_clock1)
  Path Group: ideal_clock1
  Path Type: min

  Point                                    Incr       Path
  -----------------------------------------------------------
  clock ideal_clock1 (rise edge)           0.00       0.00
  clock network delay (ideal)              0.40       0.40
  DFF_108/q_reg/CLK (DFFX1_RVT)            0.00 #     0.40 r
  DFF_108/q_reg/Q (DFFX1_RVT)              0.16       0.56 f
  DFF_140/q_reg/RSTB (DFFSSRX1_RVT)        0.00 *     0.56 f
  data arrival time                                   0.56

  clock ideal_clock1 (rise edge)           0.00       0.00
  clock network delay (ideal)              0.40       0.40
  DFF_140/q_reg/CLK (DFFSSRX1_RVT)         0.00       0.40 r
  library hold time                       -0.06       0.34
  data required time                                  0.34
  -----------------------------------------------------------
  data required time                                  0.34
  data arrival time                                  -0.56
  -----------------------------------------------------------
  slack (MET)                                         0.21


  Startpoint: DFF_1398/q_reg
              (rising edge-triggered flip-flop clocked by ideal_clock1)
  Endpoint: DFF_1430/q_reg
            (rising edge-triggered flip-flop clocked by ideal_clock1)
  Path Group: ideal_clock1
  Path Type: min

  Point                                    Incr       Path
  -----------------------------------------------------------
  clock ideal_clock1 (rise edge)           0.00       0.00
  clock network delay (ideal)              0.40       0.40
  DFF_1398/q_reg/CLK (DFFX1_RVT)           0.00 #     0.40 r
  DFF_1398/q_reg/QN (DFFX1_RVT)            0.13       0.53 r
  U3844/Y (NOR2X0_RVT)                     0.08 *     0.60 f
  DFF_1430/q_reg/D (DFFX1_RVT)             0.00 *     0.60 f
  data arrival time                                   0.60

  clock ideal_clock1 (rise edge)           0.00       0.00
  clock network delay (ideal)              0.40       0.40
  DFF_1430/q_reg/CLK (DFFX1_RVT)           0.00       0.40 r
  library hold time                       -0.01       0.39
  data required time                                  0.39
  -----------------------------------------------------------
  data required time                                  0.39
  data arrival time                                  -0.60
  -----------------------------------------------------------
  slack (MET)                                         0.22


  Startpoint: DFF_1395/q_reg
              (rising edge-triggered flip-flop clocked by ideal_clock1)
  Endpoint: DFF_1427/q_reg
            (rising edge-triggered flip-flop clocked by ideal_clock1)
  Path Group: ideal_clock1
  Path Type: min

  Point                                    Incr       Path
  -----------------------------------------------------------
  clock ideal_clock1 (rise edge)           0.00       0.00
  clock network delay (ideal)              0.40       0.40
  DFF_1395/q_reg/CLK (DFFX1_RVT)           0.00 #     0.40 r
  DFF_1395/q_reg/QN (DFFX1_RVT)            0.12       0.52 r
  U3843/Y (NOR2X0_RVT)                     0.08 *     0.60 f
  DFF_1427/q_reg/D (DFFX1_RVT)             0.00 *     0.60 f
  data arrival time                                   0.60

  clock ideal_clock1 (rise edge)           0.00       0.00
  clock network delay (ideal)              0.40       0.40
  DFF_1427/q_reg/CLK (DFFX1_RVT)           0.00       0.40 r
  library hold time                       -0.01       0.39
  data required time                                  0.39
  -----------------------------------------------------------
  data required time                                  0.39
  data arrival time                                  -0.60
  -----------------------------------------------------------
  slack (MET)                                         0.22


  Startpoint: DFF_1392/q_reg
              (rising edge-triggered flip-flop clocked by ideal_clock1)
  Endpoint: DFF_1424/q_reg
            (rising edge-triggered flip-flop clocked by ideal_clock1)
  Path Group: ideal_clock1
  Path Type: min

  Point                                    Incr       Path
  -----------------------------------------------------------
  clock ideal_clock1 (rise edge)           0.00       0.00
  clock network delay (ideal)              0.40       0.40
  DFF_1392/q_reg/CLK (DFFX1_RVT)           0.00 #     0.40 r
  DFF_1392/q_reg/QN (DFFX1_RVT)            0.13       0.53 r
  U3597/Y (NOR2X0_RVT)                     0.08 *     0.61 f
  DFF_1424/q_reg/D (DFFX1_RVT)             0.00 *     0.61 f
  data arrival time                                   0.61

  clock ideal_clock1 (rise edge)           0.00       0.00
  clock network delay (ideal)              0.40       0.40
  DFF_1424/q_reg/CLK (DFFX1_RVT)           0.00       0.40 r
  library hold time                       -0.01       0.39
  data required time                                  0.39
  -----------------------------------------------------------
  data required time                                  0.39
  data arrival time                                  -0.61
  -----------------------------------------------------------
  slack (MET)                                         0.22


  Startpoint: DFF_1456/q_reg
              (rising edge-triggered flip-flop clocked by ideal_clock1)
  Endpoint: DFF_1488/q_reg
            (rising edge-triggered flip-flop clocked by ideal_clock1)
  Path Group: ideal_clock1
  Path Type: min

  Point                                    Incr       Path
  -----------------------------------------------------------
  clock ideal_clock1 (rise edge)           0.00       0.00
  clock network delay (ideal)              0.40       0.40
  DFF_1456/q_reg/CLK (DFFX1_RVT)           0.00 #     0.40 r
  DFF_1456/q_reg/QN (DFFX1_RVT)            0.12       0.52 r
  U3598/Y (NOR2X0_RVT)                     0.08 *     0.60 f
  DFF_1488/q_reg/D (DFFX1_RVT)             0.00 *     0.60 f
  data arrival time                                   0.60

  clock ideal_clock1 (rise edge)           0.00       0.00
  clock network delay (ideal)              0.40       0.40
  DFF_1488/q_reg/CLK (DFFX1_RVT)           0.00       0.40 r
  library hold time                       -0.01       0.39
  data required time                                  0.39
  -----------------------------------------------------------
  data required time                                  0.39
  data arrival time                                  -0.60
  -----------------------------------------------------------
  slack (MET)                                         0.22


  Startpoint: DFF_1457/q_reg
              (rising edge-triggered flip-flop clocked by ideal_clock1)
  Endpoint: DFF_1489/q_reg
            (rising edge-triggered flip-flop clocked by ideal_clock1)
  Path Group: ideal_clock1
  Path Type: min

  Point                                    Incr       Path
  -----------------------------------------------------------
  clock ideal_clock1 (rise edge)           0.00       0.00
  clock network delay (ideal)              0.40       0.40
  DFF_1457/q_reg/CLK (DFFX1_RVT)           0.00 #     0.40 r
  DFF_1457/q_reg/QN (DFFX1_RVT)            0.12       0.52 r
  U3599/Y (NOR2X0_RVT)                     0.08 *     0.61 f
  DFF_1489/q_reg/D (DFFX1_RVT)             0.00 *     0.61 f
  data arrival time                                   0.61

  clock ideal_clock1 (rise edge)           0.00       0.00
  clock network delay (ideal)              0.40       0.40
  DFF_1489/q_reg/CLK (DFFX1_RVT)           0.00       0.40 r
  library hold time                       -0.01       0.39
  data required time                                  0.39
  -----------------------------------------------------------
  data required time                                  0.39
  data arrival time                                  -0.61
  -----------------------------------------------------------
  slack (MET)                                         0.22


  Startpoint: DFF_15/q_reg
              (rising edge-triggered flip-flop clocked by ideal_clock1)
  Endpoint: DFF_14/q_reg
            (rising edge-triggered flip-flop clocked by ideal_clock1)
  Path Group: ideal_clock1
  Path Type: min

  Point                                    Incr       Path
  -----------------------------------------------------------
  clock ideal_clock1 (rise edge)           0.00       0.00
  clock network delay (ideal)              0.40       0.40
  DFF_15/q_reg/CLK (DFFX1_RVT)             0.00 #     0.40 r
  DFF_15/q_reg/Q (DFFX1_RVT)               0.15       0.55 f
  U5636/Y (AND2X1_RVT)                     0.06 *     0.61 f
  DFF_14/q_reg/D (DFFX1_RVT)               0.00 *     0.61 f
  data arrival time                                   0.61

  clock ideal_clock1 (rise edge)           0.00       0.00
  clock network delay (ideal)              0.40       0.40
  DFF_14/q_reg/CLK (DFFX1_RVT)             0.00       0.40 r
  library hold time                       -0.01       0.39
  data required time                                  0.39
  -----------------------------------------------------------
  data required time                                  0.39
  data arrival time                                  -0.61
  -----------------------------------------------------------
  slack (MET)                                         0.22


  Startpoint: DFF_1/q_reg
              (rising edge-triggered flip-flop clocked by ideal_clock1)
  Endpoint: DFF_0/q_reg
            (rising edge-triggered flip-flop clocked by ideal_clock1)
  Path Group: ideal_clock1
  Path Type: min

  Point                                    Incr       Path
  -----------------------------------------------------------
  clock ideal_clock1 (rise edge)           0.00       0.00
  clock network delay (ideal)              0.40       0.40
  DFF_1/q_reg/CLK (DFFX1_RVT)              0.00 #     0.40 r
  DFF_1/q_reg/Q (DFFX1_RVT)                0.15       0.55 f
  U5612/Y (AND2X1_RVT)                     0.06 *     0.61 f
  DFF_0/q_reg/D (DFFX1_RVT)                0.00 *     0.61 f
  data arrival time                                   0.61

  clock ideal_clock1 (rise edge)           0.00       0.00
  clock network delay (ideal)              0.40       0.40
  DFF_0/q_reg/CLK (DFFX1_RVT)              0.00       0.40 r
  library hold time                       -0.01       0.39
  data required time                                  0.39
  -----------------------------------------------------------
  data required time                                  0.39
  data arrival time                                  -0.61
  -----------------------------------------------------------
  slack (MET)                                         0.22


  Startpoint: DFF_393/q_reg
              (rising edge-triggered flip-flop clocked by ideal_clock1)
  Endpoint: DFF_392/q_reg
            (rising edge-triggered flip-flop clocked by ideal_clock1)
  Path Group: ideal_clock1
  Path Type: min

  Point                                    Incr       Path
  -----------------------------------------------------------
  clock ideal_clock1 (rise edge)           0.00       0.00
  clock network delay (ideal)              0.40       0.40
  DFF_393/q_reg/CLK (DFFX1_RVT)            0.00 #     0.40 r
  DFF_393/q_reg/Q (DFFX1_RVT)              0.15       0.55 f
  U5337/Y (AND2X1_RVT)                     0.06 *     0.61 f
  DFF_392/q_reg/D (DFFX1_RVT)              0.00 *     0.61 f
  data arrival time                                   0.61

  clock ideal_clock1 (rise edge)           0.00       0.00
  clock network delay (ideal)              0.40       0.40
  DFF_392/q_reg/CLK (DFFX1_RVT)            0.00       0.40 r
  library hold time                       -0.01       0.39
  data required time                                  0.39
  -----------------------------------------------------------
  data required time                                  0.39
  data arrival time                                  -0.61
  -----------------------------------------------------------
  slack (MET)                                         0.22


  Startpoint: DFF_11/q_reg
              (rising edge-triggered flip-flop clocked by ideal_clock1)
  Endpoint: DFF_10/q_reg
            (rising edge-triggered flip-flop clocked by ideal_clock1)
  Path Group: ideal_clock1
  Path Type: min

  Point                                    Incr       Path
  -----------------------------------------------------------
  clock ideal_clock1 (rise edge)           0.00       0.00
  clock network delay (ideal)              0.40       0.40
  DFF_11/q_reg/CLK (DFFX1_RVT)             0.00 #     0.40 r
  DFF_11/q_reg/Q (DFFX1_RVT)               0.15       0.55 f
  U5625/Y (AND2X1_RVT)                     0.06 *     0.61 f
  DFF_10/q_reg/D (DFFX1_RVT)               0.00 *     0.61 f
  data arrival time                                   0.61

  clock ideal_clock1 (rise edge)           0.00       0.00
  clock network delay (ideal)              0.40       0.40
  DFF_10/q_reg/CLK (DFFX1_RVT)             0.00       0.40 r
  library hold time                       -0.01       0.39
  data required time                                  0.39
  -----------------------------------------------------------
  data required time                                  0.39
  data arrival time                                  -0.61
  -----------------------------------------------------------
  slack (MET)                                         0.22


  Startpoint: DFF_1369/q_reg
              (rising edge-triggered flip-flop clocked by ideal_clock1)
  Endpoint: DFF_1368/q_reg
            (rising edge-triggered flip-flop clocked by ideal_clock1)
  Path Group: ideal_clock1
  Path Type: min

  Point                                    Incr       Path
  -----------------------------------------------------------
  clock ideal_clock1 (rise edge)           0.00       0.00
  clock network delay (ideal)              0.40       0.40
  DFF_1369/q_reg/CLK (DFFX1_RVT)           0.00 #     0.40 r
  DFF_1369/q_reg/Q (DFFX1_RVT)             0.15       0.55 f
  U4192/Y (AND2X1_RVT)                     0.06 *     0.61 f
  DFF_1368/q_reg/D (DFFX1_RVT)             0.00 *     0.61 f
  data arrival time                                   0.61

  clock ideal_clock1 (rise edge)           0.00       0.00
  clock network delay (ideal)              0.40       0.40
  DFF_1368/q_reg/CLK (DFFX1_RVT)           0.00       0.40 r
  library hold time                       -0.02       0.38
  data required time                                  0.38
  -----------------------------------------------------------
  data required time                                  0.38
  data arrival time                                  -0.61
  -----------------------------------------------------------
  slack (MET)                                         0.22


  Startpoint: DFF_602/q_reg
              (rising edge-triggered flip-flop clocked by ideal_clock1)
  Endpoint: DFF_601/q_reg
            (rising edge-triggered flip-flop clocked by ideal_clock1)
  Path Group: ideal_clock1
  Path Type: min

  Point                                    Incr       Path
  -----------------------------------------------------------
  clock ideal_clock1 (rise edge)           0.00       0.00
  clock network delay (ideal)              0.40       0.40
  DFF_602/q_reg/CLK (DFFX1_RVT)            0.00 #     0.40 r
  DFF_602/q_reg/Q (DFFX1_RVT)              0.15       0.55 f
  U4537/Y (AND2X1_RVT)                     0.06 *     0.61 f
  DFF_601/q_reg/D (DFFX1_RVT)              0.00 *     0.61 f
  data arrival time                                   0.61

  clock ideal_clock1 (rise edge)           0.00       0.00
  clock network delay (ideal)              0.40       0.40
  DFF_601/q_reg/CLK (DFFX1_RVT)            0.00       0.40 r
  library hold time                       -0.02       0.38
  data required time                                  0.38
  -----------------------------------------------------------
  data required time                                  0.38
  data arrival time                                  -0.61
  -----------------------------------------------------------
  slack (MET)                                         0.22


  Startpoint: DFF_398/q_reg
              (rising edge-triggered flip-flop clocked by ideal_clock1)
  Endpoint: DFF_397/q_reg
            (rising edge-triggered flip-flop clocked by ideal_clock1)
  Path Group: ideal_clock1
  Path Type: min

  Point                                    Incr       Path
  -----------------------------------------------------------
  clock ideal_clock1 (rise edge)           0.00       0.00
  clock network delay (ideal)              0.40       0.40
  DFF_398/q_reg/CLK (DFFX1_RVT)            0.00 #     0.40 r
  DFF_398/q_reg/Q (DFFX1_RVT)              0.15       0.55 f
  U5342/Y (AND2X1_RVT)                     0.06 *     0.61 f
  DFF_397/q_reg/D (DFFX1_RVT)              0.00 *     0.61 f
  data arrival time                                   0.61

  clock ideal_clock1 (rise edge)           0.00       0.00
  clock network delay (ideal)              0.40       0.40
  DFF_397/q_reg/CLK (DFFX1_RVT)            0.00       0.40 r
  library hold time                       -0.01       0.39
  data required time                                  0.39
  -----------------------------------------------------------
  data required time                                  0.39
  data arrival time                                  -0.61
  -----------------------------------------------------------
  slack (MET)                                         0.22


  Startpoint: DFF_609/q_reg
              (rising edge-triggered flip-flop clocked by ideal_clock1)
  Endpoint: DFF_641/q_reg
            (rising edge-triggered flip-flop clocked by ideal_clock1)
  Path Group: ideal_clock1
  Path Type: min

  Point                                    Incr       Path
  -----------------------------------------------------------
  clock ideal_clock1 (rise edge)           0.00       0.00
  clock network delay (ideal)              0.40       0.40
  DFF_609/q_reg/CLK (DFFX1_RVT)            0.00 #     0.40 r
  DFF_609/q_reg/Q (DFFX1_RVT)              0.15       0.55 f
  U6046/Y (AND2X1_RVT)                     0.06 *     0.61 f
  DFF_641/q_reg/D (DFFX1_RVT)              0.00 *     0.61 f
  data arrival time                                   0.61

  clock ideal_clock1 (rise edge)           0.00       0.00
  clock network delay (ideal)              0.40       0.40
  DFF_641/q_reg/CLK (DFFX1_RVT)            0.00       0.40 r
  library hold time                       -0.01       0.39
  data required time                                  0.39
  -----------------------------------------------------------
  data required time                                  0.39
  data arrival time                                  -0.61
  -----------------------------------------------------------
  slack (MET)                                         0.22


  Startpoint: DFF_206/q_reg
              (rising edge-triggered flip-flop clocked by ideal_clock1)
  Endpoint: DFF_205/q_reg
            (rising edge-triggered flip-flop clocked by ideal_clock1)
  Path Group: ideal_clock1
  Path Type: min

  Point                                    Incr       Path
  -----------------------------------------------------------
  clock ideal_clock1 (rise edge)           0.00       0.00
  clock network delay (ideal)              0.40       0.40
  DFF_206/q_reg/CLK (DFFX1_RVT)            0.00 #     0.40 r
  DFF_206/q_reg/Q (DFFX1_RVT)              0.15       0.55 f
  U5308/Y (AND2X1_RVT)                     0.06 *     0.61 f
  DFF_205/q_reg/D (DFFX1_RVT)              0.00 *     0.61 f
  data arrival time                                   0.61

  clock ideal_clock1 (rise edge)           0.00       0.00
  clock network delay (ideal)              0.40       0.40
  DFF_205/q_reg/CLK (DFFX1_RVT)            0.00       0.40 r
  library hold time                       -0.01       0.39
  data required time                                  0.39
  -----------------------------------------------------------
  data required time                                  0.39
  data arrival time                                  -0.61
  -----------------------------------------------------------
  slack (MET)                                         0.22


  Startpoint: DFF_973/q_reg
              (rising edge-triggered flip-flop clocked by ideal_clock1)
  Endpoint: DFF_972/q_reg
            (rising edge-triggered flip-flop clocked by ideal_clock1)
  Path Group: ideal_clock1
  Path Type: min

  Point                                    Incr       Path
  -----------------------------------------------------------
  clock ideal_clock1 (rise edge)           0.00       0.00
  clock network delay (ideal)              0.40       0.40
  DFF_973/q_reg/CLK (DFFX1_RVT)            0.00 #     0.40 r
  DFF_973/q_reg/Q (DFFX1_RVT)              0.15       0.55 f
  U4205/Y (AND2X1_RVT)                     0.06 *     0.61 f
  DFF_972/q_reg/D (DFFX1_RVT)              0.00 *     0.61 f
  data arrival time                                   0.61

  clock ideal_clock1 (rise edge)           0.00       0.00
  clock network delay (ideal)              0.40       0.40
  DFF_972/q_reg/CLK (DFFX1_RVT)            0.00       0.40 r
  library hold time                       -0.02       0.38
  data required time                                  0.38
  -----------------------------------------------------------
  data required time                                  0.38
  data arrival time                                  -0.61
  -----------------------------------------------------------
  slack (MET)                                         0.22


  Startpoint: DFF_1164/q_reg
              (rising edge-triggered flip-flop clocked by ideal_clock1)
  Endpoint: DFF_1163/q_reg
            (rising edge-triggered flip-flop clocked by ideal_clock1)
  Path Group: ideal_clock1
  Path Type: min

  Point                                    Incr       Path
  -----------------------------------------------------------
  clock ideal_clock1 (rise edge)           0.00       0.00
  clock network delay (ideal)              0.40       0.40
  DFF_1164/q_reg/CLK (DFFX1_RVT)           0.00 #     0.40 r
  DFF_1164/q_reg/Q (DFFX1_RVT)             0.15       0.55 f
  U4680/Y (AND2X1_RVT)                     0.06 *     0.61 f
  DFF_1163/q_reg/D (DFFX1_RVT)             0.00 *     0.61 f
  data arrival time                                   0.61

  clock ideal_clock1 (rise edge)           0.00       0.00
  clock network delay (ideal)              0.40       0.40
  DFF_1163/q_reg/CLK (DFFX1_RVT)           0.00       0.40 r
  library hold time                       -0.02       0.38
  data required time                                  0.38
  -----------------------------------------------------------
  data required time                                  0.38
  data arrival time                                  -0.61
  -----------------------------------------------------------
  slack (MET)                                         0.22


  Startpoint: DFF_215/q_reg
              (rising edge-triggered flip-flop clocked by ideal_clock1)
  Endpoint: DFF_214/q_reg
            (rising edge-triggered flip-flop clocked by ideal_clock1)
  Path Group: ideal_clock1
  Path Type: min

  Point                                    Incr       Path
  -----------------------------------------------------------
  clock ideal_clock1 (rise edge)           0.00       0.00
  clock network delay (ideal)              0.40       0.40
  DFF_215/q_reg/CLK (DFFX1_RVT)            0.00 #     0.40 r
  DFF_215/q_reg/Q (DFFX1_RVT)              0.15       0.55 f
  U5319/Y (AND2X1_RVT)                     0.06 *     0.61 f
  DFF_214/q_reg/D (DFFX1_RVT)              0.00 *     0.61 f
  data arrival time                                   0.61

  clock ideal_clock1 (rise edge)           0.00       0.00
  clock network delay (ideal)              0.40       0.40
  DFF_214/q_reg/CLK (DFFX1_RVT)            0.00       0.40 r
  library hold time                       -0.01       0.39
  data required time                                  0.39
  -----------------------------------------------------------
  data required time                                  0.39
  data arrival time                                  -0.61
  -----------------------------------------------------------
  slack (MET)                                         0.22


  Startpoint: DFF_1377/q_reg
              (rising edge-triggered flip-flop clocked by ideal_clock1)
  Endpoint: DFF_1409/q_reg
            (rising edge-triggered flip-flop clocked by ideal_clock1)
  Path Group: ideal_clock1
  Path Type: min

  Point                                    Incr       Path
  -----------------------------------------------------------
  clock ideal_clock1 (rise edge)           0.00       0.00
  clock network delay (ideal)              0.40       0.40
  DFF_1377/q_reg/CLK (DFFX1_RVT)           0.00 #     0.40 r
  DFF_1377/q_reg/Q (DFFX1_RVT)             0.15       0.55 f
  U6551/Y (AND2X1_RVT)                     0.06 *     0.61 f
  DFF_1409/q_reg/D (DFFX1_RVT)             0.00 *     0.61 f
  data arrival time                                   0.61

  clock ideal_clock1 (rise edge)           0.00       0.00
  clock network delay (ideal)              0.40       0.40
  DFF_1409/q_reg/CLK (DFFX1_RVT)           0.00       0.40 r
  library hold time                       -0.01       0.39
  data required time                                  0.39
  -----------------------------------------------------------
  data required time                                  0.39
  data arrival time                                  -0.61
  -----------------------------------------------------------
  slack (MET)                                         0.22


  Startpoint: DFF_389/q_reg
              (rising edge-triggered flip-flop clocked by ideal_clock1)
  Endpoint: DFF_388/q_reg
            (rising edge-triggered flip-flop clocked by ideal_clock1)
  Path Group: ideal_clock1
  Path Type: min

  Point                                    Incr       Path
  -----------------------------------------------------------
  clock ideal_clock1 (rise edge)           0.00       0.00
  clock network delay (ideal)              0.40       0.40
  DFF_389/q_reg/CLK (DFFX1_RVT)            0.00 #     0.40 r
  DFF_389/q_reg/Q (DFFX1_RVT)              0.15       0.55 f
  U4176/Y (AND2X1_RVT)                     0.06 *     0.61 f
  DFF_388/q_reg/D (DFFX1_RVT)              0.00 *     0.61 f
  data arrival time                                   0.61

  clock ideal_clock1 (rise edge)           0.00       0.00
  clock network delay (ideal)              0.40       0.40
  DFF_388/q_reg/CLK (DFFX1_RVT)            0.00       0.40 r
  library hold time                       -0.02       0.38
  data required time                                  0.38
  -----------------------------------------------------------
  data required time                                  0.38
  data arrival time                                  -0.61
  -----------------------------------------------------------
  slack (MET)                                         0.22


1
