 
****************************************
Report : timing
        -path full
        -delay max
        -max_paths 20
Design : s15850
Version: L-2016.03-SP5-1
Date   : Fri Mar  1 17:42:00 2019
****************************************

 * Some/all delay information is back-annotated.

Operating Conditions: ss0p95v25c   Library: saed32rvt_ss0p95v25c
	Parasitic source    : LPE
	Parasitic mode      : RealRC
	Extraction mode     : MIN_MAX
	Extraction derating : 25/25/25

Information: Percent of Arnoldi-based delays = 14.74%

Information: Percent of CCS-based delays =  9.48%

  Startpoint: g31 (input port clocked by ideal_clock1)
  Endpoint: g11163 (output port clocked by ideal_clock1)
  Path Group: ideal_clock1
  Path Type: max

  Point                                    Incr       Path
  -----------------------------------------------------------
  clock ideal_clock1 (rise edge)           0.00       0.00
  clock network delay (ideal)              0.00       0.00
  input external delay                     2.00       2.00 r
  g31 (in)                                 0.00 @     2.00 r
  U1704/Y (INVX1_RVT)                      0.02 @     2.02 f
  U1728/Y (AND2X1_RVT)                     0.09 &     2.11 f
  U1749/Y (OA221X1_RVT)                    0.15 &     2.26 f
  U1750/Y (AND3X1_RVT)                     0.09 &     2.36 f
  U1751/Y (AND2X1_RVT)                     0.09 &     2.45 f
  U1754/Y (NAND2X0_RVT)                    0.11 &     2.56 r
  U1757/Y (OA21X1_RVT)                     0.09 &     2.66 r
  U1759/Y (AND4X1_RVT)                     0.10 &     2.75 r
  U1761/Y (AND4X1_RVT)                     0.10 &     2.85 r
  U1770/Y (AND3X1_RVT)                     0.09 &     2.94 r
  U1772/Y (NAND4X0_RVT)                    0.14 &     3.07 f
  U1466/Y (INVX0_RVT)                      0.08 &     3.15 r
  U1697/Y (NOR3X0_RVT)                     0.11 &     3.27 f
  U1586/Y (AND2X1_RVT)                     0.06 &     3.32 f
  U1587/Y (NAND2X0_RVT)                    0.17 &     3.50 r
  U1458/Y (XOR3X1_RVT)                     0.27 &     3.77 f
  U1597/Y (XOR3X1_RVT)                     0.10 &     3.87 r
  U1593/Y (XOR2X1_RVT)                     0.14 &     4.00 f
  U1460/Y (XOR3X1_RVT)                     0.11 &     4.12 r
  U2666/SO (HADDX1_RVT)                    0.13 &     4.24 f
  g11163 (out)                             0.00 &     4.24 f
  data arrival time                                   4.24

  clock ideal_clock1 (rise edge)          10.00      10.00
  clock network delay (ideal)              0.00      10.00
  output external delay                   -2.00       8.00
  data required time                                  8.00
  -----------------------------------------------------------
  data required time                                  8.00
  data arrival time                                  -4.24
  -----------------------------------------------------------
  slack (MET)                                         3.76


  Startpoint: g31 (input port clocked by ideal_clock1)
  Endpoint: g10801 (output port clocked by ideal_clock1)
  Path Group: ideal_clock1
  Path Type: max

  Point                                    Incr       Path
  -----------------------------------------------------------
  clock ideal_clock1 (rise edge)           0.00       0.00
  clock network delay (ideal)              0.00       0.00
  input external delay                     2.00       2.00 r
  g31 (in)                                 0.00 @     2.00 r
  U1704/Y (INVX1_RVT)                      0.02 @     2.02 f
  U1728/Y (AND2X1_RVT)                     0.09 &     2.11 f
  U1749/Y (OA221X1_RVT)                    0.15 &     2.26 f
  U1750/Y (AND3X1_RVT)                     0.09 &     2.36 f
  U1751/Y (AND2X1_RVT)                     0.09 &     2.45 f
  U1754/Y (NAND2X0_RVT)                    0.11 &     2.56 r
  U1757/Y (OA21X1_RVT)                     0.09 &     2.66 r
  U1759/Y (AND4X1_RVT)                     0.10 &     2.75 r
  U1761/Y (AND4X1_RVT)                     0.10 &     2.85 r
  U1770/Y (AND3X1_RVT)                     0.09 &     2.94 r
  U1772/Y (NAND4X0_RVT)                    0.14 &     3.07 f
  U1466/Y (INVX0_RVT)                      0.08 &     3.15 r
  U1697/Y (NOR3X0_RVT)                     0.11 &     3.27 f
  U1586/Y (AND2X1_RVT)                     0.06 &     3.32 f
  U1587/Y (NAND2X0_RVT)                    0.17 &     3.50 r
  U1458/Y (XOR3X1_RVT)                     0.27 &     3.77 f
  U1597/Y (XOR3X1_RVT)                     0.10 &     3.87 r
  U1593/Y (XOR2X1_RVT)                     0.14 &     4.00 f
  U1460/Y (XOR3X1_RVT)                     0.11 &     4.12 r
  U1595/Y (INVX0_RVT)                      0.03 &     4.15 f
  U2440/Y (NAND2X0_RVT)                    0.06 &     4.21 r
  g10801 (out)                             0.00 &     4.21 r
  data arrival time                                   4.21

  clock ideal_clock1 (rise edge)          10.00      10.00
  clock network delay (ideal)              0.00      10.00
  output external delay                   -2.00       8.00
  data required time                                  8.00
  -----------------------------------------------------------
  data required time                                  8.00
  data arrival time                                  -4.21
  -----------------------------------------------------------
  slack (MET)                                         3.79


  Startpoint: g31 (input port clocked by ideal_clock1)
  Endpoint: g11206 (output port clocked by ideal_clock1)
  Path Group: ideal_clock1
  Path Type: max

  Point                                    Incr       Path
  -----------------------------------------------------------
  clock ideal_clock1 (rise edge)           0.00       0.00
  clock network delay (ideal)              0.00       0.00
  input external delay                     2.00       2.00 f
  g31 (in)                                 0.00 @     2.00 f
  U1704/Y (INVX1_RVT)                      0.02 @     2.02 r
  U1728/Y (AND2X1_RVT)                     0.10 &     2.11 r
  U1749/Y (OA221X1_RVT)                    0.13 &     2.24 r
  U1750/Y (AND3X1_RVT)                     0.09 &     2.34 r
  U1751/Y (AND2X1_RVT)                     0.09 &     2.43 r
  U1754/Y (NAND2X0_RVT)                    0.10 &     2.53 f
  U1757/Y (OA21X1_RVT)                     0.11 &     2.64 f
  U1759/Y (AND4X1_RVT)                     0.10 &     2.74 f
  U1761/Y (AND4X1_RVT)                     0.10 &     2.84 f
  U1770/Y (AND3X1_RVT)                     0.09 &     2.93 f
  U1772/Y (NAND4X0_RVT)                    0.09 &     3.02 r
  U1492/Y (NAND4X0_RVT)                    0.33 &     3.35 f
  U1464/Y (INVX1_RVT)                      0.12 &     3.47 r
  U1678/Y (OR2X1_RVT)                      0.12 &     3.60 r
  U2196/Y (OA22X1_RVT)                     0.09 &     3.69 r
  U2197/Y (AND3X1_RVT)                     0.09 &     3.78 r
  U2361/Y (AND2X1_RVT)                     0.07 &     3.85 r
  g11206 (out)                             0.00 &     3.85 r
  data arrival time                                   3.85

  clock ideal_clock1 (rise edge)          10.00      10.00
  clock network delay (ideal)              0.00      10.00
  output external delay                   -2.00       8.00
  data required time                                  8.00
  -----------------------------------------------------------
  data required time                                  8.00
  data arrival time                                  -3.85
  -----------------------------------------------------------
  slack (MET)                                         4.15


  Startpoint: g31 (input port clocked by ideal_clock1)
  Endpoint: g10628 (output port clocked by ideal_clock1)
  Path Group: ideal_clock1
  Path Type: max

  Point                                    Incr       Path
  -----------------------------------------------------------
  clock ideal_clock1 (rise edge)           0.00       0.00
  clock network delay (ideal)              0.00       0.00
  input external delay                     2.00       2.00 f
  g31 (in)                                 0.00 @     2.00 f
  U1704/Y (INVX1_RVT)                      0.02 @     2.02 r
  U1728/Y (AND2X1_RVT)                     0.10 &     2.11 r
  U1749/Y (OA221X1_RVT)                    0.13 &     2.24 r
  U1750/Y (AND3X1_RVT)                     0.09 &     2.34 r
  U1751/Y (AND2X1_RVT)                     0.09 &     2.43 r
  U1754/Y (NAND2X0_RVT)                    0.10 &     2.53 f
  U1757/Y (OA21X1_RVT)                     0.11 &     2.64 f
  U1759/Y (AND4X1_RVT)                     0.10 &     2.74 f
  U1761/Y (AND4X1_RVT)                     0.10 &     2.84 f
  U1770/Y (AND3X1_RVT)                     0.09 &     2.93 f
  U1772/Y (NAND4X0_RVT)                    0.09 &     3.02 r
  U1492/Y (NAND4X0_RVT)                    0.33 &     3.35 f
  U1464/Y (INVX1_RVT)                      0.12 &     3.47 r
  U1678/Y (OR2X1_RVT)                      0.12 &     3.60 r
  U2196/Y (OA22X1_RVT)                     0.09 &     3.69 r
  U2197/Y (AND3X1_RVT)                     0.09 &     3.78 r
  g10628 (out)                             0.00 &     3.78 r
  data arrival time                                   3.78

  clock ideal_clock1 (rise edge)          10.00      10.00
  clock network delay (ideal)              0.00      10.00
  output external delay                   -2.00       8.00
  data required time                                  8.00
  -----------------------------------------------------------
  data required time                                  8.00
  data arrival time                                  -3.78
  -----------------------------------------------------------
  slack (MET)                                         4.22


  Startpoint: g31 (input port clocked by ideal_clock1)
  Endpoint: g10455 (output port clocked by ideal_clock1)
  Path Group: ideal_clock1
  Path Type: max

  Point                                    Incr       Path
  -----------------------------------------------------------
  clock ideal_clock1 (rise edge)           0.00       0.00
  clock network delay (ideal)              0.00       0.00
  input external delay                     2.00       2.00 f
  g31 (in)                                 0.00 @     2.00 f
  U1704/Y (INVX1_RVT)                      0.02 @     2.02 r
  U1728/Y (AND2X1_RVT)                     0.10 &     2.11 r
  U1749/Y (OA221X1_RVT)                    0.13 &     2.24 r
  U1750/Y (AND3X1_RVT)                     0.09 &     2.34 r
  U1751/Y (AND2X1_RVT)                     0.09 &     2.43 r
  U1754/Y (NAND2X0_RVT)                    0.10 &     2.53 f
  U1757/Y (OA21X1_RVT)                     0.11 &     2.64 f
  U1759/Y (AND4X1_RVT)                     0.10 &     2.74 f
  U1761/Y (AND4X1_RVT)                     0.10 &     2.84 f
  U1770/Y (AND3X1_RVT)                     0.09 &     2.93 f
  U1772/Y (NAND4X0_RVT)                    0.09 &     3.02 r
  U1455/Y (NAND4X0_RVT)                    0.30 &     3.33 f
  U1447/Y (INVX0_RVT)                      0.20 &     3.53 r
  U2542/Y (NAND2X0_RVT)                    0.09 &     3.62 f
  g10455 (out)                             0.00 &     3.62 f
  data arrival time                                   3.62

  clock ideal_clock1 (rise edge)          10.00      10.00
  clock network delay (ideal)              0.00      10.00
  output external delay                   -2.00       8.00
  data required time                                  8.00
  -----------------------------------------------------------
  data required time                                  8.00
  data arrival time                                  -3.62
  -----------------------------------------------------------
  slack (MET)                                         4.38


  Startpoint: g31 (input port clocked by ideal_clock1)
  Endpoint: g10459 (output port clocked by ideal_clock1)
  Path Group: ideal_clock1
  Path Type: max

  Point                                    Incr       Path
  -----------------------------------------------------------
  clock ideal_clock1 (rise edge)           0.00       0.00
  clock network delay (ideal)              0.00       0.00
  input external delay                     2.00       2.00 f
  g31 (in)                                 0.00 @     2.00 f
  U1704/Y (INVX1_RVT)                      0.02 @     2.02 r
  U1728/Y (AND2X1_RVT)                     0.10 &     2.11 r
  U1749/Y (OA221X1_RVT)                    0.13 &     2.24 r
  U1750/Y (AND3X1_RVT)                     0.09 &     2.34 r
  U1751/Y (AND2X1_RVT)                     0.09 &     2.43 r
  U1754/Y (NAND2X0_RVT)                    0.10 &     2.53 f
  U1757/Y (OA21X1_RVT)                     0.11 &     2.64 f
  U1759/Y (AND4X1_RVT)                     0.10 &     2.74 f
  U1761/Y (AND4X1_RVT)                     0.10 &     2.84 f
  U1770/Y (AND3X1_RVT)                     0.09 &     2.93 f
  U1772/Y (NAND4X0_RVT)                    0.09 &     3.02 r
  U1591/Y (NAND4X0_RVT)                    0.30 &     3.32 f
  U1465/Y (INVX0_RVT)                      0.15 &     3.47 r
  U2590/Y (NAND2X0_RVT)                    0.10 &     3.57 f
  g10459 (out)                             0.00 &     3.57 f
  data arrival time                                   3.57

  clock ideal_clock1 (rise edge)          10.00      10.00
  clock network delay (ideal)              0.00      10.00
  output external delay                   -2.00       8.00
  data required time                                  8.00
  -----------------------------------------------------------
  data required time                                  8.00
  data arrival time                                  -3.57
  -----------------------------------------------------------
  slack (MET)                                         4.43


  Startpoint: g31 (input port clocked by ideal_clock1)
  Endpoint: g10461 (output port clocked by ideal_clock1)
  Path Group: ideal_clock1
  Path Type: max

  Point                                    Incr       Path
  -----------------------------------------------------------
  clock ideal_clock1 (rise edge)           0.00       0.00
  clock network delay (ideal)              0.00       0.00
  input external delay                     2.00       2.00 f
  g31 (in)                                 0.00 @     2.00 f
  U1704/Y (INVX1_RVT)                      0.02 @     2.02 r
  U1728/Y (AND2X1_RVT)                     0.10 &     2.11 r
  U1749/Y (OA221X1_RVT)                    0.13 &     2.24 r
  U1750/Y (AND3X1_RVT)                     0.09 &     2.34 r
  U1751/Y (AND2X1_RVT)                     0.09 &     2.43 r
  U1754/Y (NAND2X0_RVT)                    0.10 &     2.53 f
  U1757/Y (OA21X1_RVT)                     0.11 &     2.64 f
  U1759/Y (AND4X1_RVT)                     0.10 &     2.74 f
  U1761/Y (AND4X1_RVT)                     0.10 &     2.84 f
  U1770/Y (AND3X1_RVT)                     0.09 &     2.93 f
  U1772/Y (NAND4X0_RVT)                    0.09 &     3.02 r
  U1492/Y (NAND4X0_RVT)                    0.33 &     3.35 f
  U1464/Y (INVX1_RVT)                      0.12 &     3.47 r
  U2535/Y (NAND2X0_RVT)                    0.08 &     3.55 f
  g10461 (out)                             0.00 &     3.55 f
  data arrival time                                   3.55

  clock ideal_clock1 (rise edge)          10.00      10.00
  clock network delay (ideal)              0.00      10.00
  output external delay                   -2.00       8.00
  data required time                                  8.00
  -----------------------------------------------------------
  data required time                                  8.00
  data arrival time                                  -3.55
  -----------------------------------------------------------
  slack (MET)                                         4.45


  Startpoint: g31 (input port clocked by ideal_clock1)
  Endpoint: g10465 (output port clocked by ideal_clock1)
  Path Group: ideal_clock1
  Path Type: max

  Point                                    Incr       Path
  -----------------------------------------------------------
  clock ideal_clock1 (rise edge)           0.00       0.00
  clock network delay (ideal)              0.00       0.00
  input external delay                     2.00       2.00 f
  g31 (in)                                 0.00 @     2.00 f
  U1704/Y (INVX1_RVT)                      0.02 @     2.02 r
  U1728/Y (AND2X1_RVT)                     0.10 &     2.11 r
  U1749/Y (OA221X1_RVT)                    0.13 &     2.24 r
  U1750/Y (AND3X1_RVT)                     0.09 &     2.34 r
  U1751/Y (AND2X1_RVT)                     0.09 &     2.43 r
  U1754/Y (NAND2X0_RVT)                    0.10 &     2.53 f
  U1757/Y (OA21X1_RVT)                     0.11 &     2.64 f
  U1759/Y (AND4X1_RVT)                     0.10 &     2.74 f
  U1761/Y (AND4X1_RVT)                     0.10 &     2.84 f
  U1494/Y (AND3X1_RVT)                     0.08 &     2.92 f
  U1448/Y (NAND3X0_RVT)                    0.06 &     2.99 r
  U1766/Y (NAND4X0_RVT)                    0.27 &     3.26 f
  U1854/Y (INVX1_RVT)                      0.14 &     3.40 r
  U2562/Y (NAND2X0_RVT)                    0.09 &     3.48 f
  g10465 (out)                             0.00 &     3.48 f
  data arrival time                                   3.48

  clock ideal_clock1 (rise edge)          10.00      10.00
  clock network delay (ideal)              0.00      10.00
  output external delay                   -2.00       8.00
  data required time                                  8.00
  -----------------------------------------------------------
  data required time                                  8.00
  data arrival time                                  -3.48
  -----------------------------------------------------------
  slack (MET)                                         4.52


  Startpoint: g31 (input port clocked by ideal_clock1)
  Endpoint: g10457 (output port clocked by ideal_clock1)
  Path Group: ideal_clock1
  Path Type: max

  Point                                    Incr       Path
  -----------------------------------------------------------
  clock ideal_clock1 (rise edge)           0.00       0.00
  clock network delay (ideal)              0.00       0.00
  input external delay                     2.00       2.00 r
  g31 (in)                                 0.00 @     2.00 r
  U1704/Y (INVX1_RVT)                      0.02 @     2.02 f
  U1728/Y (AND2X1_RVT)                     0.09 &     2.11 f
  U1749/Y (OA221X1_RVT)                    0.15 &     2.26 f
  U1750/Y (AND3X1_RVT)                     0.09 &     2.36 f
  U1751/Y (AND2X1_RVT)                     0.09 &     2.45 f
  U1754/Y (NAND2X0_RVT)                    0.11 &     2.56 r
  U1757/Y (OA21X1_RVT)                     0.09 &     2.66 r
  U1759/Y (AND4X1_RVT)                     0.10 &     2.75 r
  U1761/Y (AND4X1_RVT)                     0.10 &     2.85 r
  U1770/Y (AND3X1_RVT)                     0.09 &     2.94 r
  U1772/Y (NAND4X0_RVT)                    0.14 &     3.07 f
  U1466/Y (INVX0_RVT)                      0.08 &     3.15 r
  U1697/Y (NOR3X0_RVT)                     0.11 &     3.27 f
  U1586/Y (AND2X1_RVT)                     0.06 &     3.32 f
  U1585/Y (AND2X1_RVT)                     0.07 &     3.40 f
  U2612/Y (NAND2X0_RVT)                    0.07 &     3.47 r
  g10457 (out)                             0.00 &     3.47 r
  data arrival time                                   3.47

  clock ideal_clock1 (rise edge)          10.00      10.00
  clock network delay (ideal)              0.00      10.00
  output external delay                   -2.00       8.00
  data required time                                  8.00
  -----------------------------------------------------------
  data required time                                  8.00
  data arrival time                                  -3.47
  -----------------------------------------------------------
  slack (MET)                                         4.53


  Startpoint: g31 (input port clocked by ideal_clock1)
  Endpoint: g10377 (output port clocked by ideal_clock1)
  Path Group: ideal_clock1
  Path Type: max

  Point                                    Incr       Path
  -----------------------------------------------------------
  clock ideal_clock1 (rise edge)           0.00       0.00
  clock network delay (ideal)              0.00       0.00
  input external delay                     2.00       2.00 f
  g31 (in)                                 0.00 @     2.00 f
  U1704/Y (INVX1_RVT)                      0.02 @     2.02 r
  U1728/Y (AND2X1_RVT)                     0.10 &     2.11 r
  U1749/Y (OA221X1_RVT)                    0.13 &     2.24 r
  U1750/Y (AND3X1_RVT)                     0.09 &     2.34 r
  U1751/Y (AND2X1_RVT)                     0.09 &     2.43 r
  U1754/Y (NAND2X0_RVT)                    0.10 &     2.53 f
  U1757/Y (OA21X1_RVT)                     0.11 &     2.64 f
  U1759/Y (AND4X1_RVT)                     0.10 &     2.74 f
  U1761/Y (AND4X1_RVT)                     0.10 &     2.84 f
  U1770/Y (AND3X1_RVT)                     0.09 &     2.93 f
  U1804/Y (NOR4X1_RVT)                     0.15 &     3.08 r
  U1805/Y (NAND3X0_RVT)                    0.14 &     3.22 f
  U1864/Y (INVX1_RVT)                      0.12 &     3.35 r
  U2655/Y (NAND2X0_RVT)                    0.08 &     3.43 f
  g10377 (out)                             0.00 &     3.43 f
  data arrival time                                   3.43

  clock ideal_clock1 (rise edge)          10.00      10.00
  clock network delay (ideal)              0.00      10.00
  output external delay                   -2.00       8.00
  data required time                                  8.00
  -----------------------------------------------------------
  data required time                                  8.00
  data arrival time                                  -3.43
  -----------------------------------------------------------
  slack (MET)                                         4.57


  Startpoint: g31 (input port clocked by ideal_clock1)
  Endpoint: g10463 (output port clocked by ideal_clock1)
  Path Group: ideal_clock1
  Path Type: max

  Point                                    Incr       Path
  -----------------------------------------------------------
  clock ideal_clock1 (rise edge)           0.00       0.00
  clock network delay (ideal)              0.00       0.00
  input external delay                     2.00       2.00 r
  g31 (in)                                 0.00 @     2.00 r
  U1704/Y (INVX1_RVT)                      0.02 @     2.02 f
  U1728/Y (AND2X1_RVT)                     0.09 &     2.11 f
  U1749/Y (OA221X1_RVT)                    0.15 &     2.26 f
  U1750/Y (AND3X1_RVT)                     0.09 &     2.36 f
  U1751/Y (AND2X1_RVT)                     0.09 &     2.45 f
  U1754/Y (NAND2X0_RVT)                    0.11 &     2.56 r
  U1757/Y (OA21X1_RVT)                     0.09 &     2.66 r
  U1759/Y (AND4X1_RVT)                     0.10 &     2.75 r
  U1761/Y (AND4X1_RVT)                     0.10 &     2.85 r
  U1494/Y (AND3X1_RVT)                     0.08 &     2.93 r
  U1448/Y (NAND3X0_RVT)                    0.08 &     3.01 f
  U1700/Y (NOR2X0_RVT)                     0.11 &     3.12 r
  U1718/Y (OR2X1_RVT)                      0.06 &     3.18 r
  U1862/Y (NOR4X1_RVT)                     0.15 &     3.32 f
  U2488/Y (NAND2X0_RVT)                    0.09 &     3.41 r
  g10463 (out)                             0.00 &     3.41 r
  data arrival time                                   3.41

  clock ideal_clock1 (rise edge)          10.00      10.00
  clock network delay (ideal)              0.00      10.00
  output external delay                   -2.00       8.00
  data required time                                  8.00
  -----------------------------------------------------------
  data required time                                  8.00
  data arrival time                                  -3.41
  -----------------------------------------------------------
  slack (MET)                                         4.59


  Startpoint: g31 (input port clocked by ideal_clock1)
  Endpoint: g10379 (output port clocked by ideal_clock1)
  Path Group: ideal_clock1
  Path Type: max

  Point                                    Incr       Path
  -----------------------------------------------------------
  clock ideal_clock1 (rise edge)           0.00       0.00
  clock network delay (ideal)              0.00       0.00
  input external delay                     2.00       2.00 r
  g31 (in)                                 0.00 @     2.00 r
  U1704/Y (INVX1_RVT)                      0.02 @     2.02 f
  U1728/Y (AND2X1_RVT)                     0.09 &     2.11 f
  U1749/Y (OA221X1_RVT)                    0.15 &     2.26 f
  U1750/Y (AND3X1_RVT)                     0.09 &     2.36 f
  U1751/Y (AND2X1_RVT)                     0.09 &     2.45 f
  U1754/Y (NAND2X0_RVT)                    0.11 &     2.56 r
  U1757/Y (OA21X1_RVT)                     0.09 &     2.66 r
  U1759/Y (AND4X1_RVT)                     0.10 &     2.75 r
  U1761/Y (AND4X1_RVT)                     0.10 &     2.85 r
  U1494/Y (AND3X1_RVT)                     0.08 &     2.93 r
  U1811/Y (NAND3X0_RVT)                    0.06 &     2.99 f
  U1812/Y (NAND2X0_RVT)                    0.22 &     3.21 r
  U1865/Y (INVX1_RVT)                      0.05 &     3.26 f
  U2532/Y (NAND2X0_RVT)                    0.12 &     3.38 r
  g10379 (out)                             0.00 &     3.38 r
  data arrival time                                   3.38

  clock ideal_clock1 (rise edge)          10.00      10.00
  clock network delay (ideal)              0.00      10.00
  output external delay                   -2.00       8.00
  data required time                                  8.00
  -----------------------------------------------------------
  data required time                                  8.00
  data arrival time                                  -3.38
  -----------------------------------------------------------
  slack (MET)                                         4.62


  Startpoint: g31 (input port clocked by ideal_clock1)
  Endpoint: DFF_263/q_reg
            (rising edge-triggered flip-flop clocked by ideal_clock1)
  Path Group: ideal_clock1
  Path Type: max

  Point                                    Incr       Path
  -----------------------------------------------------------
  clock ideal_clock1 (rise edge)           0.00       0.00
  clock network delay (ideal)              0.00       0.00
  input external delay                     2.00       2.00 f
  g31 (in)                                 0.00 @     2.00 f
  U1704/Y (INVX1_RVT)                      0.02 @     2.02 r
  U1728/Y (AND2X1_RVT)                     0.10 &     2.11 r
  U1749/Y (OA221X1_RVT)                    0.13 &     2.24 r
  U1750/Y (AND3X1_RVT)                     0.09 &     2.34 r
  U1751/Y (AND2X1_RVT)                     0.09 &     2.43 r
  U1754/Y (NAND2X0_RVT)                    0.10 &     2.53 f
  U1757/Y (OA21X1_RVT)                     0.11 &     2.64 f
  U1759/Y (AND4X1_RVT)                     0.10 &     2.74 f
  U1761/Y (AND4X1_RVT)                     0.10 &     2.84 f
  U1770/Y (AND3X1_RVT)                     0.09 &     2.93 f
  U1772/Y (NAND4X0_RVT)                    0.09 &     3.02 r
  U1455/Y (NAND4X0_RVT)                    0.30 &     3.33 f
  U1447/Y (INVX0_RVT)                      0.20 &     3.53 r
  U1866/Y (AND3X1_RVT)                     0.09 &     3.62 r
  U1867/Y (AND2X1_RVT)                     0.06 &     3.68 r
  U1868/Y (NAND2X0_RVT)                    0.06 &     3.74 f
  U1870/Y (AO21X1_RVT)                     0.12 &     3.86 f
  U1872/Y (NAND2X0_RVT)                    0.06 &     3.92 r
  U1873/Y (NOR4X1_RVT)                     0.23 &     4.15 f
  U28/Y (NBUFFX2_RVT)                      0.17 &     4.32 f
  U1919/Y (MUX41X1_RVT)                    0.13 &     4.46 f
  U1485/Y (XOR3X1_RVT)                     0.23 &     4.69 f
  U1484/Y (XOR3X1_RVT)                     0.22 &     4.91 f
  U1483/Y (XOR3X1_RVT)                     0.09 &     5.00 f
  U2167/Y (MUX21X1_RVT)                    0.10 &     5.10 f
  U2168/Y (OAI22X1_RVT)                    0.11 &     5.21 r
  DFF_263/q_reg/D (DFFX1_RVT)              0.00 &     5.21 r
  data arrival time                                   5.21

  clock ideal_clock1 (rise edge)          10.00      10.00
  clock network delay (propagated)         0.08      10.08
  DFF_263/q_reg/CLK (DFFX1_RVT)            0.00      10.08 r
  library setup time                      -0.05      10.03
  data required time                                 10.03
  -----------------------------------------------------------
  data required time                                 10.03
  data arrival time                                  -5.21
  -----------------------------------------------------------
  slack (MET)                                         4.82


  Startpoint: g31 (input port clocked by ideal_clock1)
  Endpoint: DFF_266/q_reg
            (rising edge-triggered flip-flop clocked by ideal_clock1)
  Path Group: ideal_clock1
  Path Type: max

  Point                                    Incr       Path
  -----------------------------------------------------------
  clock ideal_clock1 (rise edge)           0.00       0.00
  clock network delay (ideal)              0.00       0.00
  input external delay                     2.00       2.00 f
  g31 (in)                                 0.00 @     2.00 f
  U1704/Y (INVX1_RVT)                      0.02 @     2.02 r
  U1728/Y (AND2X1_RVT)                     0.10 &     2.11 r
  U1749/Y (OA221X1_RVT)                    0.13 &     2.24 r
  U1750/Y (AND3X1_RVT)                     0.09 &     2.34 r
  U1751/Y (AND2X1_RVT)                     0.09 &     2.43 r
  U1754/Y (NAND2X0_RVT)                    0.10 &     2.53 f
  U1757/Y (OA21X1_RVT)                     0.11 &     2.64 f
  U1759/Y (AND4X1_RVT)                     0.10 &     2.74 f
  U1761/Y (AND4X1_RVT)                     0.10 &     2.84 f
  U1770/Y (AND3X1_RVT)                     0.09 &     2.93 f
  U1772/Y (NAND4X0_RVT)                    0.09 &     3.02 r
  U1455/Y (NAND4X0_RVT)                    0.30 &     3.33 f
  U1447/Y (INVX0_RVT)                      0.20 &     3.53 r
  U1866/Y (AND3X1_RVT)                     0.09 &     3.62 r
  U1867/Y (AND2X1_RVT)                     0.06 &     3.68 r
  U1868/Y (NAND2X0_RVT)                    0.06 &     3.74 f
  U1870/Y (AO21X1_RVT)                     0.12 &     3.86 f
  U1872/Y (NAND2X0_RVT)                    0.06 &     3.92 r
  U1873/Y (NOR4X1_RVT)                     0.23 &     4.15 f
  U28/Y (NBUFFX2_RVT)                      0.17 &     4.32 f
  U1919/Y (MUX41X1_RVT)                    0.13 &     4.46 f
  U1485/Y (XOR3X1_RVT)                     0.23 &     4.69 f
  U1484/Y (XOR3X1_RVT)                     0.22 &     4.91 f
  U1483/Y (XOR3X1_RVT)                     0.09 &     5.00 f
  U1929/SO (HADDX1_RVT)                    0.12 &     5.12 r
  U1931/Y (AO22X1_RVT)                     0.07 &     5.20 r
  DFF_266/q_reg/D (DFFX1_RVT)              0.00 &     5.20 r
  data arrival time                                   5.20

  clock ideal_clock1 (rise edge)          10.00      10.00
  clock network delay (propagated)         0.07      10.07
  DFF_266/q_reg/CLK (DFFX1_RVT)            0.00      10.07 r
  library setup time                      -0.05      10.02
  data required time                                 10.02
  -----------------------------------------------------------
  data required time                                 10.02
  data arrival time                                  -5.20
  -----------------------------------------------------------
  slack (MET)                                         4.82


  Startpoint: g31 (input port clocked by ideal_clock1)
  Endpoint: DFF_106/q_reg
            (rising edge-triggered flip-flop clocked by ideal_clock1)
  Path Group: ideal_clock1
  Path Type: max

  Point                                    Incr       Path
  -----------------------------------------------------------
  clock ideal_clock1 (rise edge)           0.00       0.00
  clock network delay (ideal)              0.00       0.00
  input external delay                     2.00       2.00 f
  g31 (in)                                 0.00 @     2.00 f
  U1704/Y (INVX1_RVT)                      0.02 @     2.02 r
  U1728/Y (AND2X1_RVT)                     0.10 &     2.11 r
  U1749/Y (OA221X1_RVT)                    0.13 &     2.24 r
  U1750/Y (AND3X1_RVT)                     0.09 &     2.34 r
  U1751/Y (AND2X1_RVT)                     0.09 &     2.43 r
  U1754/Y (NAND2X0_RVT)                    0.10 &     2.53 f
  U1757/Y (OA21X1_RVT)                     0.11 &     2.64 f
  U1759/Y (AND4X1_RVT)                     0.10 &     2.74 f
  U1761/Y (AND4X1_RVT)                     0.10 &     2.84 f
  U1770/Y (AND3X1_RVT)                     0.09 &     2.93 f
  U1772/Y (NAND4X0_RVT)                    0.09 &     3.02 r
  U1455/Y (NAND4X0_RVT)                    0.30 &     3.33 f
  U1447/Y (INVX0_RVT)                      0.20 &     3.53 r
  U1866/Y (AND3X1_RVT)                     0.09 &     3.62 r
  U1867/Y (AND2X1_RVT)                     0.06 &     3.68 r
  U1868/Y (NAND2X0_RVT)                    0.06 &     3.74 f
  U1870/Y (AO21X1_RVT)                     0.12 &     3.86 f
  U1872/Y (NAND2X0_RVT)                    0.06 &     3.92 r
  U1873/Y (NOR4X1_RVT)                     0.23 &     4.15 f
  U28/Y (NBUFFX2_RVT)                      0.17 &     4.32 f
  U1874/Y (NOR2X0_RVT)                     0.16 &     4.48 r
  U2169/Y (AND2X1_RVT)                     0.08 &     4.56 r
  U1512/Y (NAND2X0_RVT)                    0.21 &     4.78 f
  U31/Y (INVX1_RVT)                        0.18 &     4.96 r
  U2176/Y (AO22X1_RVT)                     0.13 &     5.09 r
  DFF_106/q_reg/D (DFFX1_RVT)              0.00 &     5.09 r
  data arrival time                                   5.09

  clock ideal_clock1 (rise edge)          10.00      10.00
  clock network delay (propagated)         0.09      10.09
  DFF_106/q_reg/CLK (DFFX1_RVT)            0.00      10.09 r
  library setup time                      -0.06      10.03
  data required time                                 10.03
  -----------------------------------------------------------
  data required time                                 10.03
  data arrival time                                  -5.09
  -----------------------------------------------------------
  slack (MET)                                         4.94


  Startpoint: g31 (input port clocked by ideal_clock1)
  Endpoint: DFF_148/q_reg
            (rising edge-triggered flip-flop clocked by ideal_clock1)
  Path Group: ideal_clock1
  Path Type: max

  Point                                    Incr       Path
  -----------------------------------------------------------
  clock ideal_clock1 (rise edge)           0.00       0.00
  clock network delay (ideal)              0.00       0.00
  input external delay                     2.00       2.00 f
  g31 (in)                                 0.00 @     2.00 f
  U1704/Y (INVX1_RVT)                      0.02 @     2.02 r
  U1728/Y (AND2X1_RVT)                     0.10 &     2.11 r
  U1749/Y (OA221X1_RVT)                    0.13 &     2.24 r
  U1750/Y (AND3X1_RVT)                     0.09 &     2.34 r
  U1751/Y (AND2X1_RVT)                     0.09 &     2.43 r
  U1754/Y (NAND2X0_RVT)                    0.10 &     2.53 f
  U1757/Y (OA21X1_RVT)                     0.11 &     2.64 f
  U1759/Y (AND4X1_RVT)                     0.10 &     2.74 f
  U1761/Y (AND4X1_RVT)                     0.10 &     2.84 f
  U1770/Y (AND3X1_RVT)                     0.09 &     2.93 f
  U1772/Y (NAND4X0_RVT)                    0.09 &     3.02 r
  U1455/Y (NAND4X0_RVT)                    0.30 &     3.33 f
  U1447/Y (INVX0_RVT)                      0.20 &     3.53 r
  U1866/Y (AND3X1_RVT)                     0.09 &     3.62 r
  U1867/Y (AND2X1_RVT)                     0.06 &     3.68 r
  U1868/Y (NAND2X0_RVT)                    0.06 &     3.74 f
  U1870/Y (AO21X1_RVT)                     0.12 &     3.86 f
  U1872/Y (NAND2X0_RVT)                    0.06 &     3.92 r
  U1873/Y (NOR4X1_RVT)                     0.23 &     4.15 f
  U28/Y (NBUFFX2_RVT)                      0.17 &     4.32 f
  U1874/Y (NOR2X0_RVT)                     0.16 &     4.48 r
  U2169/Y (AND2X1_RVT)                     0.08 &     4.56 r
  U1512/Y (NAND2X0_RVT)                    0.21 &     4.78 f
  U31/Y (INVX1_RVT)                        0.18 &     4.96 r
  U2179/Y (AO22X1_RVT)                     0.13 &     5.09 r
  DFF_148/q_reg/D (DFFX1_RVT)              0.00 &     5.09 r
  data arrival time                                   5.09

  clock ideal_clock1 (rise edge)          10.00      10.00
  clock network delay (propagated)         0.09      10.09
  DFF_148/q_reg/CLK (DFFX1_RVT)            0.00      10.09 r
  library setup time                      -0.06      10.03
  data required time                                 10.03
  -----------------------------------------------------------
  data required time                                 10.03
  data arrival time                                  -5.09
  -----------------------------------------------------------
  slack (MET)                                         4.94


  Startpoint: g31 (input port clocked by ideal_clock1)
  Endpoint: DFF_312/q_reg
            (rising edge-triggered flip-flop clocked by ideal_clock1)
  Path Group: ideal_clock1
  Path Type: max

  Point                                    Incr       Path
  -----------------------------------------------------------
  clock ideal_clock1 (rise edge)           0.00       0.00
  clock network delay (ideal)              0.00       0.00
  input external delay                     2.00       2.00 f
  g31 (in)                                 0.00 @     2.00 f
  U1704/Y (INVX1_RVT)                      0.02 @     2.02 r
  U1728/Y (AND2X1_RVT)                     0.10 &     2.11 r
  U1749/Y (OA221X1_RVT)                    0.13 &     2.24 r
  U1750/Y (AND3X1_RVT)                     0.09 &     2.34 r
  U1751/Y (AND2X1_RVT)                     0.09 &     2.43 r
  U1754/Y (NAND2X0_RVT)                    0.10 &     2.53 f
  U1757/Y (OA21X1_RVT)                     0.11 &     2.64 f
  U1759/Y (AND4X1_RVT)                     0.10 &     2.74 f
  U1761/Y (AND4X1_RVT)                     0.10 &     2.84 f
  U1770/Y (AND3X1_RVT)                     0.09 &     2.93 f
  U1772/Y (NAND4X0_RVT)                    0.09 &     3.02 r
  U1455/Y (NAND4X0_RVT)                    0.30 &     3.33 f
  U1447/Y (INVX0_RVT)                      0.20 &     3.53 r
  U1866/Y (AND3X1_RVT)                     0.09 &     3.62 r
  U1867/Y (AND2X1_RVT)                     0.06 &     3.68 r
  U1868/Y (NAND2X0_RVT)                    0.06 &     3.74 f
  U1870/Y (AO21X1_RVT)                     0.12 &     3.86 f
  U1872/Y (NAND2X0_RVT)                    0.06 &     3.92 r
  U1873/Y (NOR4X1_RVT)                     0.23 &     4.15 f
  U28/Y (NBUFFX2_RVT)                      0.17 &     4.32 f
  U1874/Y (NOR2X0_RVT)                     0.16 &     4.48 r
  U2169/Y (AND2X1_RVT)                     0.08 &     4.56 r
  U1512/Y (NAND2X0_RVT)                    0.21 &     4.78 f
  U31/Y (INVX1_RVT)                        0.18 &     4.96 r
  U2175/Y (AO22X1_RVT)                     0.13 &     5.09 r
  DFF_312/q_reg/D (DFFX1_RVT)              0.00 &     5.09 r
  data arrival time                                   5.09

  clock ideal_clock1 (rise edge)          10.00      10.00
  clock network delay (propagated)         0.10      10.10
  DFF_312/q_reg/CLK (DFFX1_RVT)            0.00      10.10 r
  library setup time                      -0.06      10.03
  data required time                                 10.03
  -----------------------------------------------------------
  data required time                                 10.03
  data arrival time                                  -5.09
  -----------------------------------------------------------
  slack (MET)                                         4.95


  Startpoint: g31 (input port clocked by ideal_clock1)
  Endpoint: DFF_408/q_reg
            (rising edge-triggered flip-flop clocked by ideal_clock1)
  Path Group: ideal_clock1
  Path Type: max

  Point                                    Incr       Path
  -----------------------------------------------------------
  clock ideal_clock1 (rise edge)           0.00       0.00
  clock network delay (ideal)              0.00       0.00
  input external delay                     2.00       2.00 f
  g31 (in)                                 0.00 @     2.00 f
  U1704/Y (INVX1_RVT)                      0.02 @     2.02 r
  U1728/Y (AND2X1_RVT)                     0.10 &     2.11 r
  U1749/Y (OA221X1_RVT)                    0.13 &     2.24 r
  U1750/Y (AND3X1_RVT)                     0.09 &     2.34 r
  U1751/Y (AND2X1_RVT)                     0.09 &     2.43 r
  U1754/Y (NAND2X0_RVT)                    0.10 &     2.53 f
  U1757/Y (OA21X1_RVT)                     0.11 &     2.64 f
  U1759/Y (AND4X1_RVT)                     0.10 &     2.74 f
  U1761/Y (AND4X1_RVT)                     0.10 &     2.84 f
  U1770/Y (AND3X1_RVT)                     0.09 &     2.93 f
  U1772/Y (NAND4X0_RVT)                    0.09 &     3.02 r
  U1455/Y (NAND4X0_RVT)                    0.30 &     3.33 f
  U1447/Y (INVX0_RVT)                      0.20 &     3.53 r
  U1866/Y (AND3X1_RVT)                     0.09 &     3.62 r
  U1867/Y (AND2X1_RVT)                     0.06 &     3.68 r
  U1868/Y (NAND2X0_RVT)                    0.06 &     3.74 f
  U1870/Y (AO21X1_RVT)                     0.12 &     3.86 f
  U1872/Y (NAND2X0_RVT)                    0.06 &     3.92 r
  U1873/Y (NOR4X1_RVT)                     0.23 &     4.15 f
  U28/Y (NBUFFX2_RVT)                      0.17 &     4.32 f
  U1874/Y (NOR2X0_RVT)                     0.16 &     4.48 r
  U2169/Y (AND2X1_RVT)                     0.08 &     4.56 r
  U1512/Y (NAND2X0_RVT)                    0.21 &     4.78 f
  U31/Y (INVX1_RVT)                        0.18 &     4.96 r
  U2174/Y (AO22X1_RVT)                     0.13 &     5.09 r
  DFF_408/q_reg/D (DFFX1_RVT)              0.00 &     5.09 r
  data arrival time                                   5.09

  clock ideal_clock1 (rise edge)          10.00      10.00
  clock network delay (propagated)         0.10      10.10
  DFF_408/q_reg/CLK (DFFX1_RVT)            0.00      10.10 r
  library setup time                      -0.06      10.03
  data required time                                 10.03
  -----------------------------------------------------------
  data required time                                 10.03
  data arrival time                                  -5.09
  -----------------------------------------------------------
  slack (MET)                                         4.95


  Startpoint: g31 (input port clocked by ideal_clock1)
  Endpoint: DFF_454/q_reg
            (rising edge-triggered flip-flop clocked by ideal_clock1)
  Path Group: ideal_clock1
  Path Type: max

  Point                                    Incr       Path
  -----------------------------------------------------------
  clock ideal_clock1 (rise edge)           0.00       0.00
  clock network delay (ideal)              0.00       0.00
  input external delay                     2.00       2.00 f
  g31 (in)                                 0.00 @     2.00 f
  U1704/Y (INVX1_RVT)                      0.02 @     2.02 r
  U1728/Y (AND2X1_RVT)                     0.10 &     2.11 r
  U1749/Y (OA221X1_RVT)                    0.13 &     2.24 r
  U1750/Y (AND3X1_RVT)                     0.09 &     2.34 r
  U1751/Y (AND2X1_RVT)                     0.09 &     2.43 r
  U1754/Y (NAND2X0_RVT)                    0.10 &     2.53 f
  U1757/Y (OA21X1_RVT)                     0.11 &     2.64 f
  U1759/Y (AND4X1_RVT)                     0.10 &     2.74 f
  U1761/Y (AND4X1_RVT)                     0.10 &     2.84 f
  U1770/Y (AND3X1_RVT)                     0.09 &     2.93 f
  U1772/Y (NAND4X0_RVT)                    0.09 &     3.02 r
  U1455/Y (NAND4X0_RVT)                    0.30 &     3.33 f
  U1447/Y (INVX0_RVT)                      0.20 &     3.53 r
  U1866/Y (AND3X1_RVT)                     0.09 &     3.62 r
  U1867/Y (AND2X1_RVT)                     0.06 &     3.68 r
  U1868/Y (NAND2X0_RVT)                    0.06 &     3.74 f
  U1870/Y (AO21X1_RVT)                     0.12 &     3.86 f
  U1872/Y (NAND2X0_RVT)                    0.06 &     3.92 r
  U1873/Y (NOR4X1_RVT)                     0.23 &     4.15 f
  U28/Y (NBUFFX2_RVT)                      0.17 &     4.32 f
  U1874/Y (NOR2X0_RVT)                     0.16 &     4.48 r
  U2169/Y (AND2X1_RVT)                     0.08 &     4.56 r
  U1512/Y (NAND2X0_RVT)                    0.21 &     4.78 f
  U31/Y (INVX1_RVT)                        0.18 &     4.96 r
  U2172/Y (AO22X1_RVT)                     0.12 &     5.08 r
  DFF_454/q_reg/D (DFFX1_RVT)              0.00 &     5.08 r
  data arrival time                                   5.08

  clock ideal_clock1 (rise edge)          10.00      10.00
  clock network delay (propagated)         0.10      10.10
  DFF_454/q_reg/CLK (DFFX1_RVT)            0.00      10.10 r
  library setup time                      -0.06      10.04
  data required time                                 10.04
  -----------------------------------------------------------
  data required time                                 10.04
  data arrival time                                  -5.08
  -----------------------------------------------------------
  slack (MET)                                         4.95


  Startpoint: g31 (input port clocked by ideal_clock1)
  Endpoint: DFF_351/q_reg
            (rising edge-triggered flip-flop clocked by ideal_clock1)
  Path Group: ideal_clock1
  Path Type: max

  Point                                    Incr       Path
  -----------------------------------------------------------
  clock ideal_clock1 (rise edge)           0.00       0.00
  clock network delay (ideal)              0.00       0.00
  input external delay                     2.00       2.00 f
  g31 (in)                                 0.00 @     2.00 f
  U1704/Y (INVX1_RVT)                      0.02 @     2.02 r
  U1728/Y (AND2X1_RVT)                     0.10 &     2.11 r
  U1749/Y (OA221X1_RVT)                    0.13 &     2.24 r
  U1750/Y (AND3X1_RVT)                     0.09 &     2.34 r
  U1751/Y (AND2X1_RVT)                     0.09 &     2.43 r
  U1754/Y (NAND2X0_RVT)                    0.10 &     2.53 f
  U1757/Y (OA21X1_RVT)                     0.11 &     2.64 f
  U1759/Y (AND4X1_RVT)                     0.10 &     2.74 f
  U1761/Y (AND4X1_RVT)                     0.10 &     2.84 f
  U1770/Y (AND3X1_RVT)                     0.09 &     2.93 f
  U1772/Y (NAND4X0_RVT)                    0.09 &     3.02 r
  U1455/Y (NAND4X0_RVT)                    0.30 &     3.33 f
  U1447/Y (INVX0_RVT)                      0.20 &     3.53 r
  U1866/Y (AND3X1_RVT)                     0.09 &     3.62 r
  U1867/Y (AND2X1_RVT)                     0.06 &     3.68 r
  U1868/Y (NAND2X0_RVT)                    0.06 &     3.74 f
  U1870/Y (AO21X1_RVT)                     0.12 &     3.86 f
  U1872/Y (NAND2X0_RVT)                    0.06 &     3.92 r
  U1873/Y (NOR4X1_RVT)                     0.23 &     4.15 f
  U28/Y (NBUFFX2_RVT)                      0.17 &     4.32 f
  U1874/Y (NOR2X0_RVT)                     0.16 &     4.48 r
  U2169/Y (AND2X1_RVT)                     0.08 &     4.56 r
  U1512/Y (NAND2X0_RVT)                    0.21 &     4.78 f
  U31/Y (INVX1_RVT)                        0.18 &     4.96 r
  U2171/Y (AO22X1_RVT)                     0.12 &     5.08 r
  DFF_351/q_reg/D (DFFX1_RVT)              0.00 &     5.08 r
  data arrival time                                   5.08

  clock ideal_clock1 (rise edge)          10.00      10.00
  clock network delay (propagated)         0.10      10.10
  DFF_351/q_reg/CLK (DFFX1_RVT)            0.00      10.10 r
  library setup time                      -0.06      10.04
  data required time                                 10.04
  -----------------------------------------------------------
  data required time                                 10.04
  data arrival time                                  -5.08
  -----------------------------------------------------------
  slack (MET)                                         4.95


1
